Archive member included to satisfy reference by file (symbol)

D:/ProgramasClase/STM/CubeIDE/STM32CubeIDE_1.17.0/STM32CubeIDE/plugins/com.st.stm32cube.ide.mcu.externaltools.gnu-tools-for-stm32.12.3.rel1.win32_1.1.0.202410251130/tools/bin/../lib/gcc/arm-none-eabi/12.3.1/../../../../arm-none-eabi/lib/thumb/v7e-m+fp/hard\libc_nano.a(libc_a-exit.o)
                              D:/ProgramasClase/STM/CubeIDE/STM32CubeIDE_1.17.0/STM32CubeIDE/plugins/com.st.stm32cube.ide.mcu.externaltools.gnu-tools-for-stm32.12.3.rel1.win32_1.1.0.202410251130/tools/bin/../lib/gcc/arm-none-eabi/12.3.1/../../../../arm-none-eabi/lib/thumb/v7e-m+fp/hard/crt0.o (exit)
D:/ProgramasClase/STM/CubeIDE/STM32CubeIDE_1.17.0/STM32CubeIDE/plugins/com.st.stm32cube.ide.mcu.externaltools.gnu-tools-for-stm32.12.3.rel1.win32_1.1.0.202410251130/tools/bin/../lib/gcc/arm-none-eabi/12.3.1/../../../../arm-none-eabi/lib/thumb/v7e-m+fp/hard\libc_nano.a(libc_a-findfp.o)
                              D:/ProgramasClase/STM/CubeIDE/STM32CubeIDE_1.17.0/STM32CubeIDE/plugins/com.st.stm32cube.ide.mcu.externaltools.gnu-tools-for-stm32.12.3.rel1.win32_1.1.0.202410251130/tools/bin/../lib/gcc/arm-none-eabi/12.3.1/../../../../arm-none-eabi/lib/thumb/v7e-m+fp/hard\libc_nano.a(libc_a-exit.o) (__stdio_exit_handler)
D:/ProgramasClase/STM/CubeIDE/STM32CubeIDE_1.17.0/STM32CubeIDE/plugins/com.st.stm32cube.ide.mcu.externaltools.gnu-tools-for-stm32.12.3.rel1.win32_1.1.0.202410251130/tools/bin/../lib/gcc/arm-none-eabi/12.3.1/../../../../arm-none-eabi/lib/thumb/v7e-m+fp/hard\libc_nano.a(libc_a-fwalk.o)
                              D:/ProgramasClase/STM/CubeIDE/STM32CubeIDE_1.17.0/STM32CubeIDE/plugins/com.st.stm32cube.ide.mcu.externaltools.gnu-tools-for-stm32.12.3.rel1.win32_1.1.0.202410251130/tools/bin/../lib/gcc/arm-none-eabi/12.3.1/../../../../arm-none-eabi/lib/thumb/v7e-m+fp/hard\libc_nano.a(libc_a-findfp.o) (_fwalk_sglue)
D:/ProgramasClase/STM/CubeIDE/STM32CubeIDE_1.17.0/STM32CubeIDE/plugins/com.st.stm32cube.ide.mcu.externaltools.gnu-tools-for-stm32.12.3.rel1.win32_1.1.0.202410251130/tools/bin/../lib/gcc/arm-none-eabi/12.3.1/../../../../arm-none-eabi/lib/thumb/v7e-m+fp/hard\libc_nano.a(libc_a-sscanf.o)
                              ./Core/Src/main.o (sscanf)
D:/ProgramasClase/STM/CubeIDE/STM32CubeIDE_1.17.0/STM32CubeIDE/plugins/com.st.stm32cube.ide.mcu.externaltools.gnu-tools-for-stm32.12.3.rel1.win32_1.1.0.202410251130/tools/bin/../lib/gcc/arm-none-eabi/12.3.1/../../../../arm-none-eabi/lib/thumb/v7e-m+fp/hard\libc_nano.a(libc_a-stdio.o)
                              D:/ProgramasClase/STM/CubeIDE/STM32CubeIDE_1.17.0/STM32CubeIDE/plugins/com.st.stm32cube.ide.mcu.externaltools.gnu-tools-for-stm32.12.3.rel1.win32_1.1.0.202410251130/tools/bin/../lib/gcc/arm-none-eabi/12.3.1/../../../../arm-none-eabi/lib/thumb/v7e-m+fp/hard\libc_nano.a(libc_a-findfp.o) (__sread)
D:/ProgramasClase/STM/CubeIDE/STM32CubeIDE_1.17.0/STM32CubeIDE/plugins/com.st.stm32cube.ide.mcu.externaltools.gnu-tools-for-stm32.12.3.rel1.win32_1.1.0.202410251130/tools/bin/../lib/gcc/arm-none-eabi/12.3.1/../../../../arm-none-eabi/lib/thumb/v7e-m+fp/hard\libc_nano.a(libc_a-memset.o)
                              D:/ProgramasClase/STM/CubeIDE/STM32CubeIDE_1.17.0/STM32CubeIDE/plugins/com.st.stm32cube.ide.mcu.externaltools.gnu-tools-for-stm32.12.3.rel1.win32_1.1.0.202410251130/tools/bin/../lib/gcc/arm-none-eabi/12.3.1/../../../../arm-none-eabi/lib/thumb/v7e-m+fp/hard/crt0.o (memset)
D:/ProgramasClase/STM/CubeIDE/STM32CubeIDE_1.17.0/STM32CubeIDE/plugins/com.st.stm32cube.ide.mcu.externaltools.gnu-tools-for-stm32.12.3.rel1.win32_1.1.0.202410251130/tools/bin/../lib/gcc/arm-none-eabi/12.3.1/../../../../arm-none-eabi/lib/thumb/v7e-m+fp/hard\libc_nano.a(libc_a-strncmp.o)
                              ./Core/Src/main.o (strncmp)
D:/ProgramasClase/STM/CubeIDE/STM32CubeIDE_1.17.0/STM32CubeIDE/plugins/com.st.stm32cube.ide.mcu.externaltools.gnu-tools-for-stm32.12.3.rel1.win32_1.1.0.202410251130/tools/bin/../lib/gcc/arm-none-eabi/12.3.1/../../../../arm-none-eabi/lib/thumb/v7e-m+fp/hard\libc_nano.a(libc_a-closer.o)
                              D:/ProgramasClase/STM/CubeIDE/STM32CubeIDE_1.17.0/STM32CubeIDE/plugins/com.st.stm32cube.ide.mcu.externaltools.gnu-tools-for-stm32.12.3.rel1.win32_1.1.0.202410251130/tools/bin/../lib/gcc/arm-none-eabi/12.3.1/../../../../arm-none-eabi/lib/thumb/v7e-m+fp/hard\libc_nano.a(libc_a-stdio.o) (_close_r)
D:/ProgramasClase/STM/CubeIDE/STM32CubeIDE_1.17.0/STM32CubeIDE/plugins/com.st.stm32cube.ide.mcu.externaltools.gnu-tools-for-stm32.12.3.rel1.win32_1.1.0.202410251130/tools/bin/../lib/gcc/arm-none-eabi/12.3.1/../../../../arm-none-eabi/lib/thumb/v7e-m+fp/hard\libc_nano.a(libc_a-reent.o)
[...]
Memory Configuration

Name             Origin             Length             Attributes
RAM              0x20000000         0x00020000         xrw
FLASH            0x08000000         0x00080000         xr
*default*        0x00000000         0xffffffff

Linker script and memory map

LOAD D:/ProgramasClase/STM/CubeIDE/STM32CubeIDE_1.17.0/STM32CubeIDE/plugins/com.st.stm32cube.ide.mcu.externaltools.gnu-tools-for-stm32.12.3.rel1.win32_1.1.0.202410251130/tools/bin/../lib/gcc/arm-none-eabi/12.3.1/thumb/v7e-m+fp/hard/crti.o
LOAD D:/ProgramasClase/STM/CubeIDE/STM32CubeIDE_1.17.0/STM32CubeIDE/plugins/com.st.stm32cube.ide.mcu.externaltools.gnu-tools-for-stm32.12.3.rel1.win32_1.1.0.202410251130/tools/bin/../lib/gcc/arm-none-eabi/12.3.1/thumb/v7e-m+fp/hard/crtbegin.o
LOAD D:/ProgramasClase/STM/CubeIDE/STM32CubeIDE_1.17.0/STM32CubeIDE/plugins/com.st.stm32cube.ide.mcu.externaltools.gnu-tools-for-stm32.12.3.rel1.win32_1.1.0.202410251130/tools/bin/../lib/gcc/arm-none-eabi/12.3.1/../../../../arm-none-eabi/lib/thumb/v7e-m+fp/hard/crt0.o
LOAD ./Core/Src/freertos.o
LOAD ./Core/Src/main.o
LOAD ./Core/Src/stm32f4xx_hal_msp.o
LOAD ./Core/Src/stm32f4xx_it.o
LOAD ./Core/Src/syscalls.o
LOAD ./Core/Src/sysmem.o
LOAD ./Core/Src/system_stm32f4xx.o
LOAD ./Core/Startup/startup_stm32f411retx.o
LOAD ./Drivers/STM32F4xx_HAL_Driver/Src/stm32f4xx_hal.o
LOAD ./Drivers/STM32F4xx_HAL_Driver/Src/stm32f4xx_hal_cortex.o
LOAD ./Drivers/STM32F4xx_HAL_Driver/Src/stm32f4xx_hal_dma.o
LOAD ./Drivers/STM32F4xx_HAL_Driver/Src/stm32f4xx_hal_dma_ex.o
LOAD ./Drivers/STM32F4xx_HAL_Driver/Src/stm32f4xx_hal_exti.o
LOAD ./Drivers/STM32F4xx_HAL_Driver/Src/stm32f4xx_hal_flash.o
LOAD ./Drivers/STM32F4xx_HAL_Driver/Src/stm32f4xx_hal_flash_ex.o
LOAD ./Drivers/STM32F4xx_HAL_Driver/Src/stm32f4xx_hal_flash_ramfunc.o
LOAD ./Drivers/STM32F4xx_HAL_Driver/Src/stm32f4xx_hal_gpio.o
LOAD ./Drivers/STM32F4xx_HAL_Driver/Src/stm32f4xx_hal_pwr.o
LOAD ./Drivers/STM32F4xx_HAL_Driver/Src/stm32f4xx_hal_pwr_ex.o
LOAD ./Drivers/STM32F4xx_HAL_Driver/Src/stm32f4xx_hal_rcc.o
LOAD ./Drivers/STM32F4xx_HAL_Driver/Src/stm32f4xx_hal_rcc_ex.o
LOAD ./Drivers/STM32F4xx_HAL_Driver/Src/stm32f4xx_hal_tim.o
LOAD ./Drivers/STM32F4xx_HAL_Driver/Src/stm32f4xx_hal_tim_ex.o
LOAD ./Drivers/STM32F4xx_HAL_Driver/Src/stm32f4xx_hal_uart.o
LOAD ./Middlewares/Third_Party/FreeRTOS/Source/CMSIS_RTOS_V2/cmsis_os2.o
LOAD ./Middlewares/Third_Party/FreeRTOS/Source/croutine.o
LOAD ./Middlewares/Third_Party/FreeRTOS/Source/event_groups.o
LOAD ./Middlewares/Third_Party/FreeRTOS/Source/list.o
LOAD ./Middlewares/Third_Party/FreeRTOS/Source/queue.o
LOAD ./Middlewares/Third_Party/FreeRTOS/Source/stream_buffer.o
LOAD ./Middlewares/Third_Party/FreeRTOS/Source/tasks.o
LOAD ./Middlewares/Third_Party/FreeRTOS/Source/timers.o
LOAD ./Middlewares/Third_Party/FreeRTOS/Source/portable/GCC/ARM_CM4F/port.o
LOAD ./Middlewares/Third_Party/FreeRTOS/Source/portable/MemMang/heap_4.o
START GROUP
LOAD D:/ProgramasClase/STM/CubeIDE/STM32CubeIDE_1.17.0/STM32CubeIDE/plugins/com.st.stm32cube.ide.mcu.externaltools.gnu-tools-for-stm32.12.3.rel1.win32_1.1.0.202410251130/tools/bin/../lib/gcc/arm-none-eabi/12.3.1/../../../../arm-none-eabi/lib/thumb/v7e-m+fp/hard\libc_nano.a
LOAD D:/ProgramasClase/STM/CubeIDE/STM32CubeIDE_1.17.0/STM32CubeIDE/plugins/com.st.stm32cube.ide.mcu.externaltools.gnu-tools-for-stm32.12.3.rel1.win32_1.1.0.202410251130/tools/bin/../lib/gcc/arm-none-eabi/12.3.1/../../../../arm-none-eabi/lib/thumb/v7e-m+fp/hard\libm.a
END GROUP
START GROUP
LOAD D:/ProgramasClase/STM/CubeIDE/STM32CubeIDE_1.17.0/STM32CubeIDE/plugins/com.st.stm32cube.ide.mcu.externaltools.gnu-tools-for-stm32.12.3.rel1.win32_1.1.0.202410251130/tools/bin/../lib/gcc/arm-none-eabi/12.3.1/thumb/v7e-m+fp/hard\libgcc.a
LOAD D:/ProgramasClase/STM/CubeIDE/STM32CubeIDE_1.17.0/STM32CubeIDE/plugins/com.st.stm32cube.ide.mcu.externaltools.gnu-tools-for-stm32.12.3.rel1.win32_1.1.0.202410251130/tools/bin/../lib/gcc/arm-none-eabi/12.3.1/../../../../arm-none-eabi/lib/thumb/v7e-m+fp/hard\libc_nano.a
END GROUP
START GROUP
LOAD D:/ProgramasClase/STM/CubeIDE/STM32CubeIDE_1.17.0/STM32CubeIDE/plugins/com.st.stm32cube.ide.mcu.externaltools.gnu-tools-for-stm32.12.3.rel1.win32_1.1.0.202410251130/tools/bin/../lib/gcc/arm-none-eabi/12.3.1/thumb/v7e-m+fp/hard\libgcc.a
LOAD D:/ProgramasClase/STM/CubeIDE/STM32CubeIDE_1.17.0/STM32CubeIDE/plugins/com.st.stm32cube.ide.mcu.externaltools.gnu-tools-for-stm32.12.3.rel1.win32_1.1.0.202410251130/tools/bin/../lib/gcc/arm-none-eabi/12.3.1/../../../../arm-none-eabi/lib/thumb/v7e-m+fp/hard\libc_nano.a
LOAD D:/ProgramasClase/STM/CubeIDE/STM32CubeIDE_1.17.0/STM32CubeIDE/plugins/com.st.stm32cube.ide.mcu.externaltools.gnu-tools-for-stm32.12.3.rel1.win32_1.1.0.202410251130/tools/bin/../lib/gcc/arm-none-eabi/12.3.1/../../../../arm-none-eabi/lib/thumb/v7e-m+fp/hard\libnosys.a
END GROUP
START GROUP
LOAD D:/ProgramasClase/STM/CubeIDE/STM32CubeIDE_1.17.0/STM32CubeIDE/plugins/com.st.stm32cube.ide.mcu.externaltools.gnu-tools-for-stm32.12.3.rel1.win32_1.1.0.202410251130/tools/bin/../lib/gcc/arm-none-eabi/12.3.1/thumb/v7e-m+fp/hard\libgcc.a
LOAD D:/ProgramasClase/STM/CubeIDE/STM32CubeIDE_1.17.0/STM32CubeIDE/plugins/com.st.stm32cube.ide.mcu.externaltools.gnu-tools-for-stm32.12.3.rel1.win32_1.1.0.202410251130/tools/bin/../lib/gcc/arm-none-eabi/12.3.1/../../../../arm-none-eabi/lib/thumb/v7e-m+fp/hard\libc_nano.a
LOAD D:/ProgramasClase/STM/CubeIDE/STM32CubeIDE_1.17.0/STM32CubeIDE/plugins/com.st.stm32cube.ide.mcu.externaltools.gnu-tools-for-stm32.12.3.rel1.win32_1.1.0.202410251130/tools/bin/../lib/gcc/arm-none-eabi/12.3.1/../../../../arm-none-eabi/lib/thumb/v7e-m+fp/hard\libnosys.a
END GROUP
LOAD D:/ProgramasClase/STM/CubeIDE/STM32CubeIDE_1.17.0/STM32CubeIDE/plugins/com.st.stm32cube.ide.mcu.externaltools.gnu-tools-for-stm32.12.3.rel1.win32_1.1.0.202410251130/tools/bin/../lib/gcc/arm-none-eabi/12.3.1/thumb/v7e-m+fp/hard/crtend.o
LOAD D:/ProgramasClase/STM/CubeIDE/STM32CubeIDE_1.17.0/STM32CubeIDE/plugins/com.st.stm32cube.ide.mcu.externaltools.gnu-tools-for-stm32.12.3.rel1.win32_1.1.0.202410251130/tools/bin/../lib/gcc/arm-none-eabi/12.3.1/thumb/v7e-m+fp/hard/crtn.o
                0x20020000                        _estack = (ORIGIN (RAM) + LENGTH (RAM))
                0x00000200                        _Min_Heap_Size = 0x200
                0x00000400                        _Min_Stack_Size = 0x400

.isr_vector     0x08000000      0x198
                0x08000000                        . = ALIGN (0x4)
 *(.isr_vector)
 .isr_vector    0x08000000      0x198 ./Core/Startup/startup_stm32f411retx.o
                0x08000000                g_pfnVectors
                0x08000198                        . = ALIGN (0x4)

.text           0x080001a0     0x64d4
                0x080001a0                        . = ALIGN (0x4)
 *(.text)
 .text          0x080001a0       0x40 D:/ProgramasClase/STM/CubeIDE/STM32CubeIDE_1.17.0/STM32CubeIDE/plugins/com.st.stm32cube.ide.mcu.externaltools.gnu-tools-for-stm32.12.3.rel1.win32_1.1.0.202410251130/tools/bin/../lib/gcc/arm-none-eabi/12.3.1/thumb/v7e-m+fp/hard/crtbegin.o
 .text          0x080001e0       0x30 D:/ProgramasClase/STM/CubeIDE/STM32CubeIDE_1.17.0/STM32CubeIDE/plugins/com.st.stm32cube.ide.mcu.externaltools.gnu-tools-for-stm32.12.3.rel1.win32_1.1.0.202410251130/tools/bin/../lib/gcc/arm-none-eabi/12.3.1/thumb/v7e-m+fp/hard\libgcc.a(_aeabi_uldivmod.o)
                0x080001e0                __aeabi_uldivmod
 .text          0x08000210      0x2bc D:/ProgramasClase/STM/CubeIDE/STM32CubeIDE_1.17.0/STM32CubeIDE/plugins/com.st.stm32cube.ide.mcu.externaltools.gnu-tools-for-stm32.12.3.rel1.win32_1.1.0.202410251130/tools/bin/../lib/gcc/arm-none-eabi/12.3.1/thumb/v7e-m+fp/hard\libgcc.a(_udivmoddi4.o)
                0x08000210                __udivmoddi4
 .text          0x080004cc        0x4 D:/ProgramasClase/STM/CubeIDE/STM32CubeIDE_1.17.0/STM32CubeIDE/plugins/com.st.stm32cube.ide.mcu.externaltools.gnu-tools-for-stm32.12.3.rel1.win32_1.1.0.202410251130/tools/bin/../lib/gcc/arm-none-eabi/12.3.1/thumb/v7e-m+fp/hard\libgcc.a(_dvmd_tls.o)
                0x080004cc                __aeabi_idiv0
                0x080004cc                __aeabi_ldiv0
 *(.text*)
 .text.main     0x080004d0      0x11c ./Core/Src/main.o
                0x080004d0                main
 .text.SystemClock_Config
                0x080005ec       0xd4 ./Core/Src/main.o
                0x080005ec                SystemClock_Config
 .text.MX_TIM1_Init
                0x080006c0       0xa0 ./Core/Src/main.o
 .text.MX_TIM3_Init
                0x08000760       0x9c ./Core/Src/main.o
 .text.MX_USART2_UART_Init
                0x080007fc       0x54 ./Core/Src/main.o
 .text.MX_GPIO_Init
                0x08000850      0x138 ./Core/Src/main.o
 .text.TiempoaFrecuencia
                0x08000988       0x50 ./Core/Src/main.o
                0x08000988                TiempoaFrecuencia
 .text.delay_us
                0x080009d8       0x40 ./Core/Src/main.o
                0x080009d8                delay_us
 .text.HAL_TIM_PeriodElapsedCallback
                0x08000a18       0x3c ./Core/Src/main.o
                0x08000a18                HAL_TIM_PeriodElapsedCallback
 .text.StartDefaultTask
                0x08000a54       0x24 ./Core/Src/main.o
                0x08000a54                StartDefaultTask
 .text.LecturaPines
                0x08000a78       0x8c ./Core/Src/main.o
                0x08000a78                LecturaPines
 .text.Ultrasound
                0x08000b04       0x50 ./Core/Src/main.o
                0x08000b04                Ultrasound
 .text.BuzzerA  0x08000b54       0xa0 ./Core/Src/main.o
                0x08000b54                BuzzerA
 .text.LeerMicro
                0x08000bf4       0x10 ./Core/Src/main.o
                0x08000bf4                LeerMicro
 .text.Error_Handler
                0x08000c04        0xc ./Core/Src/main.o
                0x08000c04                Error_Handler
 .text.HAL_MspInit
                0x08000c10       0x58 ./Core/Src/stm32f4xx_hal_msp.o
                0x08000c10                HAL_MspInit
 .text.HAL_TIM_Base_MspInit
                0x08000c68       0x8c ./Core/Src/stm32f4xx_hal_msp.o
                0x08000c68                HAL_TIM_Base_MspInit
 .text.HAL_UART_MspInit
                0x08000cf4       0x90 ./Core/Src/stm32f4xx_hal_msp.o
                0x08000cf4                HAL_UART_MspInit
 .text.NMI_Handler
                0x08000d84        0x8 ./Core/Src/stm32f4xx_it.o
                0x08000d84                NMI_Handler
 .text.HardFault_Handler
                0x08000d8c        0x8 ./Core/Src/stm32f4xx_it.o
                0x08000d8c                HardFault_Handler
 .text.MemManage_Handler
                0x08000d94        0x8 ./Core/Src/stm32f4xx_it.o
                0x08000d94                MemManage_Handler
 .text.BusFault_Handler
                0x08000d9c        0x8 ./Core/Src/stm32f4xx_it.o
                0x08000d9c                BusFault_Handler
 .text.UsageFault_Handler
                0x08000da4        0x8 ./Core/Src/stm32f4xx_it.o
                0x08000da4                UsageFault_Handler
 .text.DebugMon_Handler
                0x08000dac        0xe ./Core/Src/stm32f4xx_it.o
                0x08000dac                DebugMon_Handler
 .text.SysTick_Handler
                0x08000dba       0x1a ./Core/Src/stm32f4xx_it.o
                0x08000dba                SysTick_Handler
 .text.TIM1_UP_TIM10_IRQHandler
                0x08000dd4       0x14 ./Core/Src/stm32f4xx_it.o
                0x08000dd4                TIM1_UP_TIM10_IRQHandler
 .text.TIM3_IRQHandler
                0x08000de8       0x14 ./Core/Src/stm32f4xx_it.o
                0x08000de8                TIM3_IRQHandler
 .text.SystemInit
                0x08000dfc       0x24 ./Core/Src/system_stm32f4xx.o
                0x08000dfc                SystemInit
 .text.Reset_Handler
                0x08000e20       0x50 ./Core/Startup/startup_stm32f411retx.o
                0x08000e20                Reset_Handler
 .text.Default_Handler
                0x08000e70        0x2 ./Core/Startup/startup_stm32f411retx.o
                0x08000e70                RTC_Alarm_IRQHandler
                0x08000e70                EXTI2_IRQHandler
                0x08000e70                SPI4_IRQHandler
                0x08000e70                TIM1_CC_IRQHandler
                0x08000e70                DMA2_Stream5_IRQHandler
                0x08000e70                DMA1_Stream5_IRQHandler
                0x08000e70                PVD_IRQHandler
                0x08000e70                SDIO_IRQHandler
                0x08000e70                TAMP_STAMP_IRQHandler
                0x08000e70                EXTI3_IRQHandler
                0x08000e70                I2C3_ER_IRQHandler
                0x08000e70                EXTI0_IRQHandler
                0x08000e70                I2C2_EV_IRQHandler
                0x08000e70                DMA1_Stream2_IRQHandler
                0x08000e70                FPU_IRQHandler
                0x08000e70                DMA2_Stream2_IRQHandler
                0x08000e70                SPI1_IRQHandler
                0x08000e70                TIM1_BRK_TIM9_IRQHandler
                0x08000e70                DMA2_Stream3_IRQHandler
                0x08000e70                USART6_IRQHandler
                0x08000e70                DMA2_Stream0_IRQHandler
                0x08000e70                TIM4_IRQHandler
                0x08000e70                I2C1_EV_IRQHandler
                0x08000e70                DMA1_Stream6_IRQHandler
                0x08000e70                DMA1_Stream1_IRQHandler
                0x08000e70                RCC_IRQHandler
                0x08000e70                Default_Handler
                0x08000e70                EXTI15_10_IRQHandler
                0x08000e70                ADC_IRQHandler
                0x08000e70                DMA1_Stream7_IRQHandler
                0x08000e70                SPI5_IRQHandler
                0x08000e70                TIM5_IRQHandler
                0x08000e70                DMA2_Stream7_IRQHandler
                0x08000e70                I2C3_EV_IRQHandler
                0x08000e70                EXTI9_5_IRQHandler
                0x08000e70                RTC_WKUP_IRQHandler
                0x08000e70                SPI2_IRQHandler
                0x08000e70                DMA1_Stream0_IRQHandler
                0x08000e70                EXTI4_IRQHandler
                0x08000e70                WWDG_IRQHandler
                0x08000e70                TIM2_IRQHandler
                0x08000e70                OTG_FS_WKUP_IRQHandler
                0x08000e70                TIM1_TRG_COM_TIM11_IRQHandler
                0x08000e70                EXTI1_IRQHandler
                0x08000e70                USART2_IRQHandler
                0x08000e70                I2C2_ER_IRQHandler
                0x08000e70                DMA2_Stream1_IRQHandler
                0x08000e70                FLASH_IRQHandler
                0x08000e70                DMA2_Stream4_IRQHandler
                0x08000e70                USART1_IRQHandler
                0x08000e70                OTG_FS_IRQHandler
                0x08000e70                SPI3_IRQHandler
                0x08000e70                DMA1_Stream4_IRQHandler
                0x08000e70                I2C1_ER_IRQHandler
                0x08000e70                DMA2_Stream6_IRQHandler
                0x08000e70                DMA1_Stream3_IRQHandler
 *fill*         0x08000e72        0x2 
 .text.HAL_Init
                0x08000e74       0x44 ./Drivers/STM32F4xx_HAL_Driver/Src/stm32f4xx_hal.o
                0x08000e74                HAL_Init
 .text.HAL_InitTick
                0x08000eb8       0x60 ./Drivers/STM32F4xx_HAL_Driver/Src/stm32f4xx_hal.o
                0x08000eb8                HAL_InitTick
 .text.HAL_IncTick
                0x08000f18       0x28 ./Drivers/STM32F4xx_HAL_Driver/Src/stm32f4xx_hal.o
                0x08000f18                HAL_IncTick
 .text.HAL_GetTick
                0x08000f40       0x18 ./Drivers/STM32F4xx_HAL_Driver/Src/stm32f4xx_hal.o
                0x08000f40                HAL_GetTick
 .text.__NVIC_SetPriorityGrouping
                0x08000f58       0x48 ./Drivers/STM32F4xx_HAL_Driver/Src/stm32f4xx_hal_cortex.o
 .text.__NVIC_GetPriorityGrouping
                0x08000fa0       0x1c ./Drivers/STM32F4xx_HAL_Driver/Src/stm32f4xx_hal_cortex.o
 .text.__NVIC_EnableIRQ
                0x08000fbc       0x3c ./Drivers/STM32F4xx_HAL_Driver/Src/stm32f4xx_hal_cortex.o
 .text.__NVIC_SetPriority
                0x08000ff8       0x54 ./Drivers/STM32F4xx_HAL_Driver/Src/stm32f4xx_hal_cortex.o
 .text.NVIC_EncodePriority
                0x0800104c       0x66 ./Drivers/STM32F4xx_HAL_Driver/Src/stm32f4xx_hal_cortex.o
 *fill*         0x080010b2        0x2 
 .text.SysTick_Config
                0x080010b4       0x44 ./Drivers/STM32F4xx_HAL_Driver/Src/stm32f4xx_hal_cortex.o
 .text.HAL_NVIC_SetPriorityGrouping
                0x080010f8       0x16 ./Drivers/STM32F4xx_HAL_Driver/Src/stm32f4xx_hal_cortex.o
                0x080010f8                HAL_NVIC_SetPriorityGrouping
 .text.HAL_NVIC_SetPriority
                0x0800110e       0x38 ./Drivers/STM32F4xx_HAL_Driver/Src/stm32f4xx_hal_cortex.o
                0x0800110e                HAL_NVIC_SetPriority
 .text.HAL_NVIC_EnableIRQ
                0x08001146       0x1c ./Drivers/STM32F4xx_HAL_Driver/Src/stm32f4xx_hal_cortex.o
                0x08001146                HAL_NVIC_EnableIRQ
 .text.HAL_SYSTICK_Config
                0x08001162       0x18 ./Drivers/STM32F4xx_HAL_Driver/Src/stm32f4xx_hal_cortex.o
                0x08001162                HAL_SYSTICK_Config
 *fill*         0x0800117a        0x2 
 .text.HAL_GPIO_Init
                0x0800117c      0x308 ./Drivers/STM32F4xx_HAL_Driver/Src/stm32f4xx_hal_gpio.o
                0x0800117c                HAL_GPIO_Init
 .text.HAL_GPIO_ReadPin
                0x08001484       0x30 ./Drivers/STM32F4xx_HAL_Driver/Src/stm32f4xx_hal_gpio.o
                0x08001484                HAL_GPIO_ReadPin
 .text.HAL_GPIO_WritePin
                0x080014b4       0x32 ./Drivers/STM32F4xx_HAL_Driver/Src/stm32f4xx_hal_gpio.o
                0x080014b4                HAL_GPIO_WritePin
 .text.HAL_GPIO_TogglePin
                0x080014e6       0x34 ./Drivers/STM32F4xx_HAL_Driver/Src/stm32f4xx_hal_gpio.o
                0x080014e6                HAL_GPIO_TogglePin
 *fill*         0x0800151a        0x2 
 .text.HAL_RCC_OscConfig
                0x0800151c      0x4f0 ./Drivers/STM32F4xx_HAL_Driver/Src/stm32f4xx_hal_rcc.o
                0x0800151c                HAL_RCC_OscConfig
 .text.HAL_RCC_ClockConfig
                0x08001a0c      0x1cc ./Drivers/STM32F4xx_HAL_Driver/Src/stm32f4xx_hal_rcc.o
                0x08001a0c                HAL_RCC_ClockConfig
 .text.HAL_RCC_GetSysClockFreq
                0x08001bd8      0x20c ./Drivers/STM32F4xx_HAL_Driver/Src/stm32f4xx_hal_rcc.o
                0x08001bd8                HAL_RCC_GetSysClockFreq
 .text.HAL_RCC_GetHCLKFreq
                0x08001de4       0x18 ./Drivers/STM32F4xx_HAL_Driver/Src/stm32f4xx_hal_rcc.o
                0x08001de4                HAL_RCC_GetHCLKFreq
 .text.HAL_RCC_GetPCLK1Freq
                0x08001dfc       0x28 ./Drivers/STM32F4xx_HAL_Driver/Src/stm32f4xx_hal_rcc.o
                0x08001dfc                HAL_RCC_GetPCLK1Freq
 .text.HAL_RCC_GetPCLK2Freq
                0x08001e24       0x28 ./Drivers/STM32F4xx_HAL_Driver/Src/stm32f4xx_hal_rcc.o
                0x08001e24                HAL_RCC_GetPCLK2Freq
 .text.HAL_TIM_Base_Init
                0x08001e4c       0x9e ./Drivers/STM32F4xx_HAL_Driver/Src/stm32f4xx_hal_tim.o
                0x08001e4c                HAL_TIM_Base_Init
 *fill*         0x08001eea        0x2 
 .text.HAL_TIM_Base_Start_IT
                0x08001eec       0xc4 ./Drivers/STM32F4xx_HAL_Driver/Src/stm32f4xx_hal_tim.o
                0x08001eec                HAL_TIM_Base_Start_IT
 .text.HAL_TIM_Base_Stop_IT
                0x08001fb0       0x5e ./Drivers/STM32F4xx_HAL_Driver/Src/stm32f4xx_hal_tim.o
                0x08001fb0                HAL_TIM_Base_Stop_IT
 .text.HAL_TIM_IRQHandler
                0x0800200e      0x210 ./Drivers/STM32F4xx_HAL_Driver/Src/stm32f4xx_hal_tim.o
                0x0800200e                HAL_TIM_IRQHandler
 .text.HAL_TIM_ConfigClockSource
                0x0800221e      0x18e ./Drivers/STM32F4xx_HAL_Driver/Src/stm32f4xx_hal_tim.o
                0x0800221e                HAL_TIM_ConfigClockSource
 .text.HAL_TIM_OC_DelayElapsedCallback
                0x080023ac       0x14 ./Drivers/STM32F4xx_HAL_Driver/Src/stm32f4xx_hal_tim.o
                0x080023ac                HAL_TIM_OC_DelayElapsedCallback
 .text.HAL_TIM_IC_CaptureCallback
                0x080023c0       0x14 ./Drivers/STM32F4xx_HAL_Driver/Src/stm32f4xx_hal_tim.o
                0x080023c0                HAL_TIM_IC_CaptureCallback
 .text.HAL_TIM_PWM_PulseFinishedCallback
                0x080023d4       0x14 ./Drivers/STM32F4xx_HAL_Driver/Src/stm32f4xx_hal_tim.o
                0x080023d4                HAL_TIM_PWM_PulseFinishedCallback
 .text.HAL_TIM_TriggerCallback
                0x080023e8       0x14 ./Drivers/STM32F4xx_HAL_Driver/Src/stm32f4xx_hal_tim.o
                0x080023e8                HAL_TIM_TriggerCallback
 .text.TIM_Base_SetConfig
                0x080023fc      0x100 ./Drivers/STM32F4xx_HAL_Driver/Src/stm32f4xx_hal_tim.o
                0x080023fc                TIM_Base_SetConfig
 .text.TIM_TI1_ConfigInputStage
                0x080024fc       0x5e ./Drivers/STM32F4xx_HAL_Driver/Src/stm32f4xx_hal_tim.o
 .text.TIM_TI2_ConfigInputStage
                0x0800255a       0x60 ./Drivers/STM32F4xx_HAL_Driver/Src/stm32f4xx_hal_tim.o
 .text.TIM_ITRx_SetConfig
                0x080025ba       0x36 ./Drivers/STM32F4xx_HAL_Driver/Src/stm32f4xx_hal_tim.o
 .text.TIM_ETR_SetConfig
                0x080025f0       0x40 ./Drivers/STM32F4xx_HAL_Driver/Src/stm32f4xx_hal_tim.o
                0x080025f0                TIM_ETR_SetConfig
 .text.HAL_TIMEx_MasterConfigSynchronization
                0x08002630       0xdc ./Drivers/STM32F4xx_HAL_Driver/Src/stm32f4xx_hal_tim_ex.o
                0x08002630                HAL_TIMEx_MasterConfigSynchronization
 .text.HAL_TIMEx_CommutCallback
                0x0800270c       0x14 ./Drivers/STM32F4xx_HAL_Driver/Src/stm32f4xx_hal_tim_ex.o
                0x0800270c                HAL_TIMEx_CommutCallback
 .text.HAL_TIMEx_BreakCallback
                0x08002720       0x14 ./Drivers/STM32F4xx_HAL_Driver/Src/stm32f4xx_hal_tim_ex.o
                0x08002720                HAL_TIMEx_BreakCallback
 .text.HAL_UART_Init
                0x08002734       0x9a ./Drivers/STM32F4xx_HAL_Driver/Src/stm32f4xx_hal_uart.o
                0x08002734                HAL_UART_Init
 .text.HAL_UART_Receive_IT
                0x080027ce       0x60 ./Drivers/STM32F4xx_HAL_Driver/Src/stm32f4xx_hal_uart.o
                0x080027ce                HAL_UART_Receive_IT
 .text.UART_Start_Receive_IT
                0x0800282e       0x7c ./Drivers/STM32F4xx_HAL_Driver/Src/stm32f4xx_hal_uart.o
                0x0800282e                UART_Start_Receive_IT
 *fill*         0x080028aa        0x2 
 .text.UART_SetConfig
                0x080028ac      0x4e8 ./Drivers/STM32F4xx_HAL_Driver/Src/stm32f4xx_hal_uart.o
 .text.__NVIC_SetPriority
                0x08002d94       0x54 ./Middlewares/Third_Party/FreeRTOS/Source/CMSIS_RTOS_V2/cmsis_os2.o
 .text.SVC_Setup
                0x08002de8       0x12 ./Middlewares/Third_Party/FreeRTOS/Source/CMSIS_RTOS_V2/cmsis_os2.o
 *fill*         0x08002dfa        0x2 
 .text.osKernelInitialize
                0x08002dfc       0x48 ./Middlewares/Third_Party/FreeRTOS/Source/CMSIS_RTOS_V2/cmsis_os2.o
                0x08002dfc                osKernelInitialize
 .text.osKernelStart
                0x08002e44       0x4c ./Middlewares/Third_Party/FreeRTOS/Source/CMSIS_RTOS_V2/cmsis_os2.o
                0x08002e44                osKernelStart
 .text.osThreadNew
                0x08002e90      0x124 ./Middlewares/Third_Party/FreeRTOS/Source/CMSIS_RTOS_V2/cmsis_os2.o
                0x08002e90                osThreadNew
 .text.osDelay  0x08002fb4       0x36 ./Middlewares/Third_Party/FreeRTOS/Source/CMSIS_RTOS_V2/cmsis_os2.o
                0x08002fb4                osDelay
 .text.osEventFlagsNew
                0x08002fea       0x7e ./Middlewares/Third_Party/FreeRTOS/Source/CMSIS_RTOS_V2/cmsis_os2.o
                0x08002fea                osEventFlagsNew
 .text.osEventFlagsSet
                0x08003068       0x84 ./Middlewares/Third_Party/FreeRTOS/Source/CMSIS_RTOS_V2/cmsis_os2.o
                0x08003068                osEventFlagsSet
 .text.osEventFlagsWait
                0x080030ec       0xca ./Middlewares/Third_Party/FreeRTOS/Source/CMSIS_RTOS_V2/cmsis_os2.o
                0x080030ec                osEventFlagsWait
 .text.osMutexNew
                0x080031b6      0x10c ./Middlewares/Third_Party/FreeRTOS/Source/CMSIS_RTOS_V2/cmsis_os2.o
                0x080031b6                osMutexNew
 .text.osMessageQueueNew
                0x080032c2       0xe6 ./Middlewares/Third_Party/FreeRTOS/Source/CMSIS_RTOS_V2/cmsis_os2.o
                0x080032c2                osMessageQueueNew
 .text.osMessageQueuePut
                0x080033a8       0xc0 ./Middlewares/Third_Party/FreeRTOS/Source/CMSIS_RTOS_V2/cmsis_os2.o
                0x080033a8                osMessageQueuePut
 .text.osMessageQueueGet
                0x08003468       0xbc ./Middlewares/Third_Party/FreeRTOS/Source/CMSIS_RTOS_V2/cmsis_os2.o
                0x08003468                osMessageQueueGet
 .text.vApplicationGetIdleTaskMemory
                0x08003524       0x34 ./Middlewares/Third_Party/FreeRTOS/Source/CMSIS_RTOS_V2/cmsis_os2.o
                0x08003524                vApplicationGetIdleTaskMemory
 .text.vApplicationGetTimerTaskMemory
                0x08003558       0x34 ./Middlewares/Third_Party/FreeRTOS/Source/CMSIS_RTOS_V2/cmsis_os2.o
                0x08003558                vApplicationGetTimerTaskMemory
 .text.xEventGroupCreateStatic
                0x0800358c       0x72 ./Middlewares/Third_Party/FreeRTOS/Source/event_groups.o
                0x0800358c                xEventGroupCreateStatic
 .text.xEventGroupCreate
                0x080035fe       0x34 ./Middlewares/Third_Party/FreeRTOS/Source/event_groups.o
                0x080035fe                xEventGroupCreate
 *fill*         0x08003632        0x2 
 .text.xEventGroupWaitBits
                0x08003634      0x1a4 ./Middlewares/Third_Party/FreeRTOS/Source/event_groups.o
                0x08003634                xEventGroupWaitBits
 .text.xEventGroupSetBits
                0x080037d8      0x118 ./Middlewares/Third_Party/FreeRTOS/Source/event_groups.o
                0x080037d8                xEventGroupSetBits
 .text.vEventGroupSetBitsCallback
                0x080038f0       0x1a ./Middlewares/Third_Party/FreeRTOS/Source/event_groups.o
                0x080038f0                vEventGroupSetBitsCallback
 .text.prvTestWaitCondition
                0x0800390a       0x44 ./Middlewares/Third_Party/FreeRTOS/Source/event_groups.o
 *fill*         0x0800394e        0x2 
 .text.xEventGroupSetBitsFromISR
                0x08003950       0x28 ./Middlewares/Third_Party/FreeRTOS/Source/event_groups.o
                0x08003950                xEventGroupSetBitsFromISR
 .text.vListInitialise
                0x08003978       0x40 ./Middlewares/Third_Party/FreeRTOS/Source/list.o
                0x08003978                vListInitialise
 .text.vListInitialiseItem
                0x080039b8       0x1a ./Middlewares/Third_Party/FreeRTOS/Source/list.o
                0x080039b8                vListInitialiseItem
 .text.vListInsertEnd
                0x080039d2       0x48 ./Middlewares/Third_Party/FreeRTOS/Source/list.o
                0x080039d2                vListInsertEnd
 .text.vListInsert
                0x08003a1a       0x72 ./Middlewares/Third_Party/FreeRTOS/Source/list.o
                0x08003a1a                vListInsert
 .text.uxListRemove
                0x08003a8c       0x54 ./Middlewares/Third_Party/FreeRTOS/Source/list.o
                0x08003a8c                uxListRemove
 .text.xQueueGenericReset
                0x08003ae0       0xd4 ./Middlewares/Third_Party/FreeRTOS/Source/queue.o
                0x08003ae0                xQueueGenericReset
 .text.xQueueGenericCreateStatic
                0x08003bb4       0xfa ./Middlewares/Third_Party/FreeRTOS/Source/queue.o
                0x08003bb4                xQueueGenericCreateStatic
 .text.xQueueGenericCreate
                0x08003cae       0x76 ./Middlewares/Third_Party/FreeRTOS/Source/queue.o
                0x08003cae                xQueueGenericCreate
 .text.prvInitialiseNewQueue
                0x08003d24       0x46 ./Middlewares/Third_Party/FreeRTOS/Source/queue.o
 .text.prvInitialiseMutex
                0x08003d6a       0x34 ./Middlewares/Third_Party/FreeRTOS/Source/queue.o
 .text.xQueueCreateMutex
                0x08003d9e       0x30 ./Middlewares/Third_Party/FreeRTOS/Source/queue.o
                0x08003d9e                xQueueCreateMutex
 .text.xQueueCreateMutexStatic
                0x08003dce       0x36 ./Middlewares/Third_Party/FreeRTOS/Source/queue.o
                0x08003dce                xQueueCreateMutexStatic
 .text.xQueueGenericSend
                0x08003e04      0x204 ./Middlewares/Third_Party/FreeRTOS/Source/queue.o
                0x08003e04                xQueueGenericSend
 .text.xQueueGenericSendFromISR
                0x08004008      0x13c ./Middlewares/Third_Party/FreeRTOS/Source/queue.o
                0x08004008                xQueueGenericSendFromISR
 .text.xQueueReceive
                0x08004144      0x1c4 ./Middlewares/Third_Party/FreeRTOS/Source/queue.o
                0x08004144                xQueueReceive
 .text.xQueueReceiveFromISR
                0x08004308      0x104 ./Middlewares/Third_Party/FreeRTOS/Source/queue.o
                0x08004308                xQueueReceiveFromISR
 .text.prvCopyDataToQueue
                0x0800440c       0xd4 ./Middlewares/Third_Party/FreeRTOS/Source/queue.o
 .text.prvCopyDataFromQueue
                0x080044e0       0x4c ./Middlewares/Third_Party/FreeRTOS/Source/queue.o
 .text.prvUnlockQueue
                0x0800452c       0xa4 ./Middlewares/Third_Party/FreeRTOS/Source/queue.o
 .text.prvIsQueueEmpty
                0x080045d0       0x2c ./Middlewares/Third_Party/FreeRTOS/Source/queue.o
 .text.prvIsQueueFull
                0x080045fc       0x30 ./Middlewares/Third_Party/FreeRTOS/Source/queue.o
 .text.vQueueAddToRegistry
                0x0800462c       0x54 ./Middlewares/Third_Party/FreeRTOS/Source/queue.o
                0x0800462c                vQueueAddToRegistry
 .text.vQueueWaitForMessageRestricted
                0x08004680       0x68 ./Middlewares/Third_Party/FreeRTOS/Source/queue.o
                0x08004680                vQueueWaitForMessageRestricted
 .text.xTaskCreateStatic
                0x080046e8       0xc0 ./Middlewares/Third_Party/FreeRTOS/Source/tasks.o
                0x080046e8                xTaskCreateStatic
 .text.xTaskCreate
                0x080047a8       0x8a ./Middlewares/Third_Party/FreeRTOS/Source/tasks.o
                0x080047a8                xTaskCreate
 .text.prvInitialiseNewTask
                0x08004832      0x120 ./Middlewares/Third_Party/FreeRTOS/Source/tasks.o
 *fill*         0x08004952        0x2 
 .text.prvAddNewTaskToReadyList
                0x08004954       0xe0 ./Middlewares/Third_Party/FreeRTOS/Source/tasks.o
 .text.vTaskDelay
                0x08004a34       0x6c ./Middlewares/Third_Party/FreeRTOS/Source/tasks.o
                0x08004a34                vTaskDelay
 .text.vTaskStartScheduler
                0x08004aa0       0xd0 ./Middlewares/Third_Party/FreeRTOS/Source/tasks.o
                0x08004aa0                vTaskStartScheduler
 .text.vTaskSuspendAll
                0x08004b70       0x1c ./Middlewares/Third_Party/FreeRTOS/Source/tasks.o
                0x08004b70                vTaskSuspendAll
 .text.xTaskResumeAll
                0x08004b8c      0x13c ./Middlewares/Third_Party/FreeRTOS/Source/tasks.o
                0x08004b8c                xTaskResumeAll
 .text.xTaskGetTickCount
                0x08004cc8       0x20 ./Middlewares/Third_Party/FreeRTOS/Source/tasks.o
                0x08004cc8                xTaskGetTickCount
 .text.xTaskIncrementTick
                0x08004ce8      0x174 ./Middlewares/Third_Party/FreeRTOS/Source/tasks.o
                0x08004ce8                xTaskIncrementTick
 .text.vTaskSwitchContext
                0x08004e5c       0xbc ./Middlewares/Third_Party/FreeRTOS/Source/tasks.o
                0x08004e5c                vTaskSwitchContext
 .text.vTaskPlaceOnEventList
                0x08004f18       0x4c ./Middlewares/Third_Party/FreeRTOS/Source/tasks.o
                0x08004f18                vTaskPlaceOnEventList
 .text.vTaskPlaceOnUnorderedEventList
                0x08004f64       0x7c ./Middlewares/Third_Party/FreeRTOS/Source/tasks.o
                0x08004f64                vTaskPlaceOnUnorderedEventList
 .text.vTaskPlaceOnEventListRestricted
                0x08004fe0       0x58 ./Middlewares/Third_Party/FreeRTOS/Source/tasks.o
                0x08004fe0                vTaskPlaceOnEventListRestricted
 .text.xTaskRemoveFromEventList
                0x08005038       0xc8 ./Middlewares/Third_Party/FreeRTOS/Source/tasks.o
                0x08005038                xTaskRemoveFromEventList
 .text.vTaskRemoveFromUnorderedEventList
                0x08005100       0xc8 ./Middlewares/Third_Party/FreeRTOS/Source/tasks.o
                0x08005100                vTaskRemoveFromUnorderedEventList
 .text.vTaskInternalSetTimeOutState
                0x080051c8       0x2c ./Middlewares/Third_Party/FreeRTOS/Source/tasks.o
                0x080051c8                vTaskInternalSetTimeOutState
 .text.xTaskCheckForTimeOut
                0x080051f4       0xc8 ./Middlewares/Third_Party/FreeRTOS/Source/tasks.o
                0x080051f4                xTaskCheckForTimeOut
 .text.vTaskMissedYield
                0x080052bc       0x18 ./Middlewares/Third_Party/FreeRTOS/Source/tasks.o
                0x080052bc                vTaskMissedYield
 .text.prvIdleTask
                0x080052d4       0x30 ./Middlewares/Third_Party/FreeRTOS/Source/tasks.o
 .text.prvInitialiseTaskLists
                0x08005304       0x80 ./Middlewares/Third_Party/FreeRTOS/Source/tasks.o
 .text.prvCheckTasksWaitingTermination
                0x08005384       0x5c ./Middlewares/Third_Party/FreeRTOS/Source/tasks.o
 .text.prvDeleteTCB
                0x080053e0       0x60 ./Middlewares/Third_Party/FreeRTOS/Source/tasks.o
 .text.prvResetNextTaskUnblockTime
                0x08005440       0x40 ./Middlewares/Third_Party/FreeRTOS/Source/tasks.o
 .text.xTaskGetSchedulerState
                0x08005480       0x3c ./Middlewares/Third_Party/FreeRTOS/Source/tasks.o
                0x08005480                xTaskGetSchedulerState
 .text.xTaskPriorityDisinherit
                0x080054bc       0xe0 ./Middlewares/Third_Party/FreeRTOS/Source/tasks.o
                0x080054bc                xTaskPriorityDisinherit
 .text.uxTaskResetEventItemValue
                0x0800559c       0x30 ./Middlewares/Third_Party/FreeRTOS/Source/tasks.o
                0x0800559c                uxTaskResetEventItemValue
 .text.prvAddCurrentTaskToDelayedList
                0x080055cc       0xa8 ./Middlewares/Third_Party/FreeRTOS/Source/tasks.o
 .text.xTimerCreateTimerTask
                0x08005674       0x94 ./Middlewares/Third_Party/FreeRTOS/Source/timers.o
                0x08005674                xTimerCreateTimerTask
 .text.xTimerGenericCommand
                0x08005708       0x9c ./Middlewares/Third_Party/FreeRTOS/Source/timers.o
                0x08005708                xTimerGenericCommand
 .text.prvProcessExpiredTimer
                0x080057a4       0x9c ./Middlewares/Third_Party/FreeRTOS/Source/timers.o
 .text.prvTimerTask
                0x08005840       0x26 ./Middlewares/Third_Party/FreeRTOS/Source/timers.o
 *fill*         0x08005866        0x2 
 .text.prvProcessTimerOrBlockTask
                0x08005868       0x9c ./Middlewares/Third_Party/FreeRTOS/Source/timers.o
 .text.prvGetNextExpireTime
                0x08005904       0x48 ./Middlewares/Third_Party/FreeRTOS/Source/timers.o
 .text.prvSampleTimeNow
                0x0800594c       0x40 ./Middlewares/Third_Party/FreeRTOS/Source/timers.o
 .text.prvInsertTimerInActiveList
                0x0800598c       0x84 ./Middlewares/Third_Party/FreeRTOS/Source/timers.o
 .text.prvProcessReceivedCommands
                0x08005a10      0x1cc ./Middlewares/Third_Party/FreeRTOS/Source/timers.o
 .text.prvSwitchTimerLists
                0x08005bdc       0xcc ./Middlewares/Third_Party/FreeRTOS/Source/timers.o
 .text.prvCheckForValidListAndQueue
                0x08005ca8       0x80 ./Middlewares/Third_Party/FreeRTOS/Source/timers.o
 .text.xTimerPendFunctionCallFromISR
                0x08005d28       0x40 ./Middlewares/Third_Party/FreeRTOS/Source/timers.o
                0x08005d28                xTimerPendFunctionCallFromISR
 .text.pxPortInitialiseStack
                0x08005d68       0x68 ./Middlewares/Third_Party/FreeRTOS/Source/portable/GCC/ARM_CM4F/port.o
                0x08005d68                pxPortInitialiseStack
 .text.prvTaskExitError
                0x08005dd0       0x5c ./Middlewares/Third_Party/FreeRTOS/Source/portable/GCC/ARM_CM4F/port.o
 *fill*         0x08005e2c        0x4 
 .text.SVC_Handler
                0x08005e30       0x28 ./Middlewares/Third_Party/FreeRTOS/Source/portable/GCC/ARM_CM4F/port.o
                0x08005e30                SVC_Handler
 .text.prvPortStartFirstTask
                0x08005e58       0x28 ./Middlewares/Third_Party/FreeRTOS/Source/portable/GCC/ARM_CM4F/port.o
 .text.xPortStartScheduler
                0x08005e80      0x148 ./Middlewares/Third_Party/FreeRTOS/Source/portable/GCC/ARM_CM4F/port.o
                0x08005e80                xPortStartScheduler
 .text.vPortEnterCritical
                0x08005fc8       0x64 ./Middlewares/Third_Party/FreeRTOS/Source/portable/GCC/ARM_CM4F/port.o
                0x08005fc8                vPortEnterCritical
 .text.vPortExitCritical
                0x0800602c       0x54 ./Middlewares/Third_Party/FreeRTOS/Source/portable/GCC/ARM_CM4F/port.o
                0x0800602c                vPortExitCritical
 .text.PendSV_Handler
                0x08006080       0x68 ./Middlewares/Third_Party/FreeRTOS/Source/portable/GCC/ARM_CM4F/port.o
                0x08006080                PendSV_Handler
 .text.xPortSysTickHandler
                0x080060e8       0x44 ./Middlewares/Third_Party/FreeRTOS/Source/portable/GCC/ARM_CM4F/port.o
                0x080060e8                xPortSysTickHandler
 .text.vPortSetupTimerInterrupt
                0x0800612c       0x48 ./Middlewares/Third_Party/FreeRTOS/Source/portable/GCC/ARM_CM4F/port.o
                0x0800612c                vPortSetupTimerInterrupt
 .text.vPortEnableVFP
                0x08006174       0x14 ./Middlewares/Third_Party/FreeRTOS/Source/portable/GCC/ARM_CM4F/port.o
 .text.vPortValidateInterruptPriority
                0x08006188       0x84 ./Middlewares/Third_Party/FreeRTOS/Source/portable/GCC/ARM_CM4F/port.o
                0x08006188                vPortValidateInterruptPriority
 .text.pvPortMalloc
                0x0800620c      0x19c ./Middlewares/Third_Party/FreeRTOS/Source/portable/MemMang/heap_4.o
                0x0800620c                pvPortMalloc
 .text.vPortFree
                0x080063a8       0xc8 ./Middlewares/Third_Party/FreeRTOS/Source/portable/MemMang/heap_4.o
                0x080063a8                vPortFree
 .text.prvHeapInit
                0x08006470       0xc4 ./Middlewares/Third_Party/FreeRTOS/Source/portable/MemMang/heap_4.o
 .text.prvInsertBlockIntoFreeList
                0x08006534       0xb4 ./Middlewares/Third_Party/FreeRTOS/Source/portable/MemMang/heap_4.o
 .text.memset   0x080065e8       0x10 D:/ProgramasClase/STM/CubeIDE/STM32CubeIDE_1.17.0/STM32CubeIDE/plugins/com.st.stm32cube.ide.mcu.externaltools.gnu-tools-for-stm32.12.3.rel1.win32_1.1.0.202410251130/tools/bin/../lib/gcc/arm-none-eabi/12.3.1/../../../../arm-none-eabi/lib/thumb/v7e-m+fp/hard\libc_nano.a(libc_a-memset.o)
                0x080065e8                memset
 .text.__libc_init_array
                0x080065f8       0x48 D:/ProgramasClase/STM/CubeIDE/STM32CubeIDE_1.17.0/STM32CubeIDE/plugins/com.st.stm32cube.ide.mcu.externaltools.gnu-tools-for-stm32.12.3.rel1.win32_1.1.0.202410251130/tools/bin/../lib/gcc/arm-none-eabi/12.3.1/../../../../arm-none-eabi/lib/thumb/v7e-m+fp/hard\libc_nano.a(libc_a-init.o)
                0x080065f8                __libc_init_array
 .text.memcpy   0x08006640       0x1c D:/ProgramasClase/STM/CubeIDE/STM32CubeIDE_1.17.0/STM32CubeIDE/plugins/com.st.stm32cube.ide.mcu.externaltools.gnu-tools-for-stm32.12.3.rel1.win32_1.1.0.202410251130/tools/bin/../lib/gcc/arm-none-eabi/12.3.1/../../../../arm-none-eabi/lib/thumb/v7e-m+fp/hard\libc_nano.a(libc_a-memcpy-stub.o)
                0x08006640                memcpy
 *(.glue_7)
 .glue_7        0x0800665c        0x0 linker stubs
 *(.glue_7t)
 .glue_7t       0x0800665c        0x0 linker stubs
 *(.eh_frame)
 .eh_frame      0x0800665c        0x0 D:/ProgramasClase/STM/CubeIDE/STM32CubeIDE_1.17.0/STM32CubeIDE/plugins/com.st.stm32cube.ide.mcu.externaltools.gnu-tools-for-stm32.12.3.rel1.win32_1.1.0.202410251130/tools/bin/../lib/gcc/arm-none-eabi/12.3.1/thumb/v7e-m+fp/hard/crtbegin.o
 *(.init)
 .init          0x0800665c        0x4 D:/ProgramasClase/STM/CubeIDE/STM32CubeIDE_1.17.0/STM32CubeIDE/plugins/com.st.stm32cube.ide.mcu.externaltools.gnu-tools-for-stm32.12.3.rel1.win32_1.1.0.202410251130/tools/bin/../lib/gcc/arm-none-eabi/12.3.1/thumb/v7e-m+fp/hard/crti.o
                0x0800665c                _init
 .init          0x08006660        0x8 D:/ProgramasClase/STM/CubeIDE/STM32CubeIDE_1.17.0/STM32CubeIDE/plugins/com.st.stm32cube.ide.mcu.externaltools.gnu-tools-for-stm32.12.3.rel1.win32_1.1.0.202410251130/tools/bin/../lib/gcc/arm-none-eabi/12.3.1/thumb/v7e-m+fp/hard/crtn.o
 *(.fini)
 .fini          0x08006668        0x4 D:/ProgramasClase/STM/CubeIDE/STM32CubeIDE_1.17.0/STM32CubeIDE/plugins/com.st.stm32cube.ide.mcu.externaltools.gnu-tools-for-stm32.12.3.rel1.win32_1.1.0.202410251130/tools/bin/../lib/gcc/arm-none-eabi/12.3.1/thumb/v7e-m+fp/hard/crti.o
                0x08006668                _fini
 .fini          0x0800666c        0x8 D:/ProgramasClase/STM/CubeIDE/STM32CubeIDE_1.17.0/STM32CubeIDE/plugins/com.st.stm32cube.ide.mcu.externaltools.gnu-tools-for-stm32.12.3.rel1.win32_1.1.0.202410251130/tools/bin/../lib/gcc/arm-none-eabi/12.3.1/thumb/v7e-m+fp/hard/crtn.o
                0x08006674                        . = ALIGN (0x4)
                0x08006674                        _etext = .

.vfp11_veneer   0x08006674        0x0
 .vfp11_veneer  0x08006674        0x0 linker stubs

.v4_bx          0x08006674        0x0
 .v4_bx         0x08006674        0x0 linker stubs

.iplt           0x08006674        0x0
 .iplt          0x08006674        0x0 D:/ProgramasClase/STM/CubeIDE/STM32CubeIDE_1.17.0/STM32CubeIDE/plugins/com.st.stm32cube.ide.mcu.externaltools.gnu-tools-for-stm32.12.3.rel1.win32_1.1.0.202410251130/tools/bin/../lib/gcc/arm-none-eabi/12.3.1/thumb/v7e-m+fp/hard/crtbegin.o

.rodata         0x08006674      0x230
                0x08006674                        . = ALIGN (0x4)
 *(.rodata)
 .rodata        0x08006674       0xee ./Core/Src/main.o
 *fill*         0x08006762        0x2 
 .rodata        0x08006764        0x5 ./Middlewares/Third_Party/FreeRTOS/Source/tasks.o
 *fill*         0x08006769        0x3 
 .rodata        0x0800676c        0xd ./Middlewares/Third_Party/FreeRTOS/Source/timers.o
 *(.rodata*)
 *fill*         0x08006779        0x3 
 .rodata.defaultTask_attributes
                0x0800677c       0x24 ./Core/Src/main.o
                0x0800677c                defaultTask_attributes
 .rodata.LecturaPulsador_attributes
                0x080067a0       0x24 ./Core/Src/main.o
                0x080067a0                LecturaPulsador_attributes
 .rodata.ultrasound_attributes
                0x080067c4       0x24 ./Core/Src/main.o
                0x080067c4                ultrasound_attributes
 .rodata.Buzzer_attributes
                0x080067e8       0x24 ./Core/Src/main.o
                0x080067e8                Buzzer_attributes
 .rodata.CambioModo_attributes
                0x0800680c       0x24 ./Core/Src/main.o
                0x0800680c                CambioModo_attributes
 .rodata.LecturaMicrofon_attributes
                0x08006830       0x24 ./Core/Src/main.o
                0x08006830                LecturaMicrofon_attributes
 .rodata.Frecuencia_attributes
                0x08006854       0x18 ./Core/Src/main.o
                0x08006854                Frecuencia_attributes
 .rodata.Mutex_attributes
                0x0800686c       0x10 ./Core/Src/main.o
                0x0800686c                Mutex_attributes
 .rodata.PinPolling_attributes
                0x0800687c       0x10 ./Core/Src/main.o
                0x0800687c                PinPolling_attributes
 .rodata.AHBPrescTable
                0x0800688c       0x10 ./Core/Src/system_stm32f4xx.o
                0x0800688c                AHBPrescTable
 .rodata.APBPrescTable
                0x0800689c        0x8 ./Core/Src/system_stm32f4xx.o
                0x0800689c                APBPrescTable
                0x080068a4                        . = ALIGN (0x4)

.ARM.extab      0x080068a4        0x0
                0x080068a4                        . = ALIGN (0x4)
 *(.ARM.extab* .gnu.linkonce.armextab.*)
                0x080068a4                        . = ALIGN (0x4)

.ARM            0x080068a4        0x8
                0x080068a4                        . = ALIGN (0x4)
                0x080068a4                        __exidx_start = .
 *(.ARM.exidx*)
 .ARM.exidx     0x080068a4        0x8 D:/ProgramasClase/STM/CubeIDE/STM32CubeIDE_1.17.0/STM32CubeIDE/plugins/com.st.stm32cube.ide.mcu.externaltools.gnu-tools-for-stm32.12.3.rel1.win32_1.1.0.202410251130/tools/bin/../lib/gcc/arm-none-eabi/12.3.1/thumb/v7e-m+fp/hard\libgcc.a(_udivmoddi4.o)
                0x080068ac                        __exidx_end = .
                0x080068ac                        . = ALIGN (0x4)

.preinit_array  0x080068ac        0x0
                0x080068ac                        . = ALIGN (0x4)
                0x080068ac                        PROVIDE (__preinit_array_start = .)
 *(.preinit_array*)
                0x080068ac                        PROVIDE (__preinit_array_end = .)
                0x080068ac                        . = ALIGN (0x4)

.init_array     0x080068ac        0x4
                0x080068ac                        . = ALIGN (0x4)
                0x080068ac                        PROVIDE (__init_array_start = .)
 *(SORT_BY_NAME(.init_array.*))
 *(.init_array*)
 .init_array    0x080068ac        0x4 D:/ProgramasClase/STM/CubeIDE/STM32CubeIDE_1.17.0/STM32CubeIDE/plugins/com.st.stm32cube.ide.mcu.externaltools.gnu-tools-for-stm32.12.3.rel1.win32_1.1.0.202410251130/tools/bin/../lib/gcc/arm-none-eabi/12.3.1/thumb/v7e-m+fp/hard/crtbegin.o
                0x080068b0                        PROVIDE (__init_array_end = .)
                0x080068b0                        . = ALIGN (0x4)

.fini_array     0x080068b0        0x4
                0x080068b0                        . = ALIGN (0x4)
                [!provide]                        PROVIDE (__fini_array_start = .)
 *(SORT_BY_NAME(.fini_array.*))
 *(.fini_array*)
 .fini_array    0x080068b0        0x4 D:/ProgramasClase/STM/CubeIDE/STM32CubeIDE_1.17.0/STM32CubeIDE/plugins/com.st.stm32cube.ide.mcu.externaltools.gnu-tools-for-stm32.12.3.rel1.win32_1.1.0.202410251130/tools/bin/../lib/gcc/arm-none-eabi/12.3.1/thumb/v7e-m+fp/hard/crtbegin.o
                [!provide]                        PROVIDE (__fini_array_end = .)
                0x080068b4                        . = ALIGN (0x4)
                0x080068b4                        _sidata = LOADADDR (.data)

.rel.dyn        0x080068b4        0x0
 .rel.iplt      0x080068b4        0x0 D:/ProgramasClase/STM/CubeIDE/STM32CubeIDE_1.17.0/STM32CubeIDE/plugins/com.st.stm32cube.ide.mcu.externaltools.gnu-tools-for-stm32.12.3.rel1.win32_1.1.0.202410251130/tools/bin/../lib/gcc/arm-none-eabi/12.3.1/thumb/v7e-m+fp/hard/crtbegin.o

.data           0x20000000       0x14 load address 0x080068b4
                0x20000000                        . = ALIGN (0x4)
                0x20000000                        _sdata = .
 *(.data)
 *(.data*)
 .data.FrecuenciaBuzzer
                0x20000000        0x2 ./Core/Src/main.o
                0x20000000                FrecuenciaBuzzer
 .data.EntradaBuzzer
                0x20000002        0x1 ./Core/Src/main.o
                0x20000002                EntradaBuzzer
 *fill*         0x20000003        0x1 
 .data.SystemCoreClock
                0x20000004        0x4 ./Core/Src/system_stm32f4xx.o
                0x20000004                SystemCoreClock
 .data.uwTickPrio
                0x20000008        0x4 ./Drivers/STM32F4xx_HAL_Driver/Src/stm32f4xx_hal.o
                0x20000008                uwTickPrio
 .data.uwTickFreq
                0x2000000c        0x1 ./Drivers/STM32F4xx_HAL_Driver/Src/stm32f4xx_hal.o
                0x2000000c                uwTickFreq
 *fill*         0x2000000d        0x3 
 .data.uxCriticalNesting
                0x20000010        0x4 ./Middlewares/Third_Party/FreeRTOS/Source/portable/GCC/ARM_CM4F/port.o
 *(.RamFunc)
 *(.RamFunc*)
                0x20000014                        . = ALIGN (0x4)
                0x20000014                        _edata = .

.igot.plt       0x20000014        0x0 load address 0x080068c8
 .igot.plt      0x20000014        0x0 D:/ProgramasClase/STM/CubeIDE/STM32CubeIDE_1.17.0/STM32CubeIDE/plugins/com.st.stm32cube.ide.mcu.externaltools.gnu-tools-for-stm32.12.3.rel1.win32_1.1.0.202410251130/tools/bin/../lib/gcc/arm-none-eabi/12.3.1/thumb/v7e-m+fp/hard/crtbegin.o
                0x20000014                        . = ALIGN (0x4)

.bss            0x20000014     0x4a84 load address 0x080068c8
                0x20000014                        _sbss = .
                0x20000014                        __bss_start__ = _sbss
 *(.bss)
 .bss           0x20000014       0x1c D:/ProgramasClase/STM/CubeIDE/STM32CubeIDE_1.17.0/STM32CubeIDE/plugins/com.st.stm32cube.ide.mcu.externaltools.gnu-tools-for-stm32.12.3.rel1.win32_1.1.0.202410251130/tools/bin/../lib/gcc/arm-none-eabi/12.3.1/thumb/v7e-m+fp/hard/crtbegin.o
 *(.bss*)
 .bss.htim1     0x20000030       0x48 ./Core/Src/main.o
                0x20000030                htim1
 .bss.htim3     0x20000078       0x48 ./Core/Src/main.o
                0x20000078                htim3
 .bss.huart2    0x200000c0       0x44 ./Core/Src/main.o
                0x200000c0                huart2
 .bss.defaultTaskHandle
                0x20000104        0x4 ./Core/Src/main.o
                0x20000104                defaultTaskHandle
 .bss.LecturaPulsadorHandle
                0x20000108        0x4 ./Core/Src/main.o
                0x20000108                LecturaPulsadorHandle
 .bss.ultrasoundHandle
                0x2000010c        0x4 ./Core/Src/main.o
                0x2000010c                ultrasoundHandle
 .bss.BuzzerHandle
                0x20000110        0x4 ./Core/Src/main.o
                0x20000110                BuzzerHandle
 .bss.CambioModoHandle
                0x20000114        0x4 ./Core/Src/main.o
                0x20000114                CambioModoHandle
 .bss.LecturaMicrofonHandle
                0x20000118        0x4 ./Core/Src/main.o
                0x20000118                LecturaMicrofonHandle
 .bss.FrecuenciaHandle
                0x2000011c        0x4 ./Core/Src/main.o
                0x2000011c                FrecuenciaHandle
 .bss.MutexHandle
                0x20000120        0x4 ./Core/Src/main.o
                0x20000120                MutexHandle
 .bss.PinPollingHandle
                0x20000124        0x4 ./Core/Src/main.o
                0x20000124                PinPollingHandle
 .bss.timcounter
                0x20000128        0x2 ./Core/Src/main.o
                0x20000128                timcounter
 *fill*         0x2000012a        0x2 
 .bss.uartRxBuffer
                0x2000012c       0x14 ./Core/Src/main.o
                0x2000012c                uartRxBuffer
 .bss.PinEstado
                0x20000140        0x1 ./Core/Src/main.o
                0x20000140                PinEstado
 *fill*         0x20000141        0x3 
 .bss.uwTick    0x20000144        0x4 ./Drivers/STM32F4xx_HAL_Driver/Src/stm32f4xx_hal.o
                0x20000144                uwTick
 .bss.KernelState
                0x20000148        0x4 ./Middlewares/Third_Party/FreeRTOS/Source/CMSIS_RTOS_V2/cmsis_os2.o
 .bss.Idle_TCB.3
                0x2000014c       0x5c ./Middlewares/Third_Party/FreeRTOS/Source/CMSIS_RTOS_V2/cmsis_os2.o
 .bss.Idle_Stack.2
                0x200001a8      0x200 ./Middlewares/Third_Party/FreeRTOS/Source/CMSIS_RTOS_V2/cmsis_os2.o
 .bss.Timer_TCB.1
                0x200003a8       0x5c ./Middlewares/Third_Party/FreeRTOS/Source/CMSIS_RTOS_V2/cmsis_os2.o
 .bss.Timer_Stack.0
                0x20000404      0x400 ./Middlewares/Third_Party/FreeRTOS/Source/CMSIS_RTOS_V2/cmsis_os2.o
 .bss.xQueueRegistry
                0x20000804       0x40 ./Middlewares/Third_Party/FreeRTOS/Source/queue.o
                0x20000804                xQueueRegistry
 .bss.pxCurrentTCB
                0x20000844        0x4 ./Middlewares/Third_Party/FreeRTOS/Source/tasks.o
                0x20000844                pxCurrentTCB
 .bss.pxReadyTasksLists
                0x20000848      0x460 ./Middlewares/Third_Party/FreeRTOS/Source/tasks.o
 .bss.xDelayedTaskList1
                0x20000ca8       0x14 ./Middlewares/Third_Party/FreeRTOS/Source/tasks.o
 .bss.xDelayedTaskList2
                0x20000cbc       0x14 ./Middlewares/Third_Party/FreeRTOS/Source/tasks.o
 .bss.pxDelayedTaskList
                0x20000cd0        0x4 ./Middlewares/Third_Party/FreeRTOS/Source/tasks.o
 .bss.pxOverflowDelayedTaskList
                0x20000cd4        0x4 ./Middlewares/Third_Party/FreeRTOS/Source/tasks.o
 .bss.xPendingReadyList
                0x20000cd8       0x14 ./Middlewares/Third_Party/FreeRTOS/Source/tasks.o
 .bss.xTasksWaitingTermination
                0x20000cec       0x14 ./Middlewares/Third_Party/FreeRTOS/Source/tasks.o
 .bss.uxDeletedTasksWaitingCleanUp
                0x20000d00        0x4 ./Middlewares/Third_Party/FreeRTOS/Source/tasks.o
 .bss.xSuspendedTaskList
                0x20000d04       0x14 ./Middlewares/Third_Party/FreeRTOS/Source/tasks.o
 .bss.uxCurrentNumberOfTasks
                0x20000d18        0x4 ./Middlewares/Third_Party/FreeRTOS/Source/tasks.o
 .bss.xTickCount
                0x20000d1c        0x4 ./Middlewares/Third_Party/FreeRTOS/Source/tasks.o
 .bss.uxTopReadyPriority
                0x20000d20        0x4 ./Middlewares/Third_Party/FreeRTOS/Source/tasks.o
 .bss.xSchedulerRunning
                0x20000d24        0x4 ./Middlewares/Third_Party/FreeRTOS/Source/tasks.o
 .bss.xPendedTicks
                0x20000d28        0x4 ./Middlewares/Third_Party/FreeRTOS/Source/tasks.o
 .bss.xYieldPending
                0x20000d2c        0x4 ./Middlewares/Third_Party/FreeRTOS/Source/tasks.o
 .bss.xNumOfOverflows
                0x20000d30        0x4 ./Middlewares/Third_Party/FreeRTOS/Source/tasks.o
 .bss.uxTaskNumber
                0x20000d34        0x4 ./Middlewares/Third_Party/FreeRTOS/Source/tasks.o
 .bss.xNextTaskUnblockTime
                0x20000d38        0x4 ./Middlewares/Third_Party/FreeRTOS/Source/tasks.o
 .bss.xIdleTaskHandle
                0x20000d3c        0x4 ./Middlewares/Third_Party/FreeRTOS/Source/tasks.o
 .bss.uxSchedulerSuspended
                0x20000d40        0x4 ./Middlewares/Third_Party/FreeRTOS/Source/tasks.o
 .bss.xActiveTimerList1
                0x20000d44       0x14 ./Middlewares/Third_Party/FreeRTOS/Source/timers.o
 .bss.xActiveTimerList2
                0x20000d58       0x14 ./Middlewares/Third_Party/FreeRTOS/Source/timers.o
 .bss.pxCurrentTimerList
                0x20000d6c        0x4 ./Middlewares/Third_Party/FreeRTOS/Source/timers.o
 .bss.pxOverflowTimerList
                0x20000d70        0x4 ./Middlewares/Third_Party/FreeRTOS/Source/timers.o
 .bss.xTimerQueue
                0x20000d74        0x4 ./Middlewares/Third_Party/FreeRTOS/Source/timers.o
 .bss.xTimerTaskHandle
                0x20000d78        0x4 ./Middlewares/Third_Party/FreeRTOS/Source/timers.o
 .bss.xLastTime.2
                0x20000d7c        0x4 ./Middlewares/Third_Party/FreeRTOS/Source/timers.o
 .bss.ucStaticTimerQueueStorage.1
                0x20000d80       0xa0 ./Middlewares/Third_Party/FreeRTOS/Source/timers.o
 .bss.xStaticTimerQueue.0
                0x20000e20       0x50 ./Middlewares/Third_Party/FreeRTOS/Source/timers.o
 .bss.ucMaxSysCallPriority
                0x20000e70        0x1 ./Middlewares/Third_Party/FreeRTOS/Source/portable/GCC/ARM_CM4F/port.o
 *fill*         0x20000e71        0x3 
 .bss.ulMaxPRIGROUPValue
                0x20000e74        0x4 ./Middlewares/Third_Party/FreeRTOS/Source/portable/GCC/ARM_CM4F/port.o
 .bss.ucHeap    0x20000e78     0x3c00 ./Middlewares/Third_Party/FreeRTOS/Source/portable/MemMang/heap_4.o
 .bss.xStart    0x20004a78        0x8 ./Middlewares/Third_Party/FreeRTOS/Source/portable/MemMang/heap_4.o
 .bss.pxEnd     0x20004a80        0x4 ./Middlewares/Third_Party/FreeRTOS/Source/portable/MemMang/heap_4.o
 .bss.xFreeBytesRemaining
                0x20004a84        0x4 ./Middlewares/Third_Party/FreeRTOS/Source/portable/MemMang/heap_4.o
 .bss.xMinimumEverFreeBytesRemaining
                0x20004a88        0x4 ./Middlewares/Third_Party/FreeRTOS/Source/portable/MemMang/heap_4.o
 .bss.xNumberOfSuccessfulAllocations
                0x20004a8c        0x4 ./Middlewares/Third_Party/FreeRTOS/Source/portable/MemMang/heap_4.o
 .bss.xNumberOfSuccessfulFrees
                0x20004a90        0x4 ./Middlewares/Third_Party/FreeRTOS/Source/portable/MemMang/heap_4.o
 .bss.xBlockAllocatedBit
                0x20004a94        0x4 ./Middlewares/Third_Party/FreeRTOS/Source/portable/MemMang/heap_4.o
 *(COMMON)
                0x20004a98                        . = ALIGN (0x4)
                0x20004a98                        _ebss = .
                0x20004a98                        __bss_end__ = _ebss

._user_heap_stack
                0x20004a98      0x600 load address 0x080068c8
                0x20004a98                        . = ALIGN (0x8)
                [!provide]                        PROVIDE (end = .)
                0x20004a98                        PROVIDE (_end = .)
                0x20004c98                        . = (. + _Min_Heap_Size)
 *fill*         0x20004a98      0x200 
                0x20005098                        . = (. + _Min_Stack_Size)
 *fill*         0x20004c98      0x400 
                0x20005098                        . = ALIGN (0x8)

/DISCARD/
 libc.a(*)
 libm.a(*)
 libgcc.a(*)

.ARM.attributes
                0x00000000       0x30
 *(.ARM.attributes)
 .ARM.attributes
                0x00000000       0x22 D:/ProgramasClase/STM/CubeIDE/STM32CubeIDE_1.17.0/STM32CubeIDE/plugins/com.st.stm32cube.ide.mcu.externaltools.gnu-tools-for-stm32.12.3.rel1.win32_1.1.0.202410251130/tools/bin/../lib/gcc/arm-none-eabi/12.3.1/thumb/v7e-m+fp/hard/crti.o
 .ARM.attributes
                0x00000022       0x34 D:/ProgramasClase/STM/CubeIDE/STM32CubeIDE_1.17.0/STM32CubeIDE/plugins/com.st.stm32cube.ide.mcu.externaltools.gnu-tools-for-stm32.12.3.rel1.win32_1.1.0.202410251130/tools/bin/../lib/gcc/arm-none-eabi/12.3.1/thumb/v7e-m+fp/hard/crtbegin.o
 .ARM.attributes
                0x00000056       0x34 ./Core/Src/main.o
 .ARM.attributes
                0x0000008a       0x34 ./Core/Src/stm32f4xx_hal_msp.o
 .ARM.attributes
                0x000000be       0x34 ./Core/Src/stm32f4xx_it.o
 .ARM.attributes
                0x000000f2       0x34 ./Core/Src/system_stm32f4xx.o
 .ARM.attributes
                0x00000126       0x21 ./Core/Startup/startup_stm32f411retx.o
 .ARM.attributes
                0x00000147       0x34 ./Drivers/STM32F4xx_HAL_Driver/Src/stm32f4xx_hal.o
 .ARM.attributes
                0x0000017b       0x34 ./Drivers/STM32F4xx_HAL_Driver/Src/stm32f4xx_hal_cortex.o
 .ARM.attributes
                0x000001af       0x34 ./Drivers/STM32F4xx_HAL_Driver/Src/stm32f4xx_hal_gpio.o
 .ARM.attributes
                0x000001e3       0x34 ./Drivers/STM32F4xx_HAL_Driver/Src/stm32f4xx_hal_rcc.o
 .ARM.attributes
                0x00000217       0x34 ./Drivers/STM32F4xx_HAL_Driver/Src/stm32f4xx_hal_tim.o
 .ARM.attributes
                0x0000024b       0x34 ./Drivers/STM32F4xx_HAL_Driver/Src/stm32f4xx_hal_tim_ex.o
 .ARM.attributes
                0x0000027f       0x34 ./Drivers/STM32F4xx_HAL_Driver/Src/stm32f4xx_hal_uart.o
 .ARM.attributes
                0x000002b3       0x34 ./Middlewares/Third_Party/FreeRTOS/Source/CMSIS_RTOS_V2/cmsis_os2.o
 .ARM.attributes
                0x000002e7       0x34 ./Middlewares/Third_Party/FreeRTOS/Source/event_groups.o
 .ARM.attributes
                0x0000031b       0x34 ./Middlewares/Third_Party/FreeRTOS/Source/list.o
 .ARM.attributes
                0x0000034f       0x34 ./Middlewares/Third_Party/FreeRTOS/Source/queue.o
 .ARM.attributes
                0x00000383       0x34 ./Middlewares/Third_Party/FreeRTOS/Source/tasks.o
 .ARM.attributes
                0x000003b7       0x34 ./Middlewares/Third_Party/FreeRTOS/Source/timers.o
 .ARM.attributes
                0x000003eb       0x34 ./Middlewares/Third_Party/FreeRTOS/Source/portable/GCC/ARM_CM4F/port.o
 .ARM.attributes
                0x0000041f       0x34 ./Middlewares/Third_Party/FreeRTOS/Source/portable/MemMang/heap_4.o
 .ARM.attributes
                0x00000453       0x34 D:/ProgramasClase/STM/CubeIDE/STM32CubeIDE_1.17.0/STM32CubeIDE/plugins/com.st.stm32cube.ide.mcu.externaltools.gnu-tools-for-stm32.12.3.rel1.win32_1.1.0.202410251130/tools/bin/../lib/gcc/arm-none-eabi/12.3.1/../../../../arm-none-eabi/lib/thumb/v7e-m+fp/hard\libc_nano.a(libc_a-memset.o)
 .ARM.attributes
                0x00000487       0x34 D:/ProgramasClase/STM/CubeIDE/STM32CubeIDE_1.17.0/STM32CubeIDE/plugins/com.st.stm32cube.ide.mcu.externaltools.gnu-tools-for-stm32.12.3.rel1.win32_1.1.0.202410251130/tools/bin/../lib/gcc/arm-none-eabi/12.3.1/../../../../arm-none-eabi/lib/thumb/v7e-m+fp/hard\libc_nano.a(libc_a-init.o)
 .ARM.attributes
                0x000004bb       0x34 D:/ProgramasClase/STM/CubeIDE/STM32CubeIDE_1.17.0/STM32CubeIDE/plugins/com.st.stm32cube.ide.mcu.externaltools.gnu-tools-for-stm32.12.3.rel1.win32_1.1.0.202410251130/tools/bin/../lib/gcc/arm-none-eabi/12.3.1/../../../../arm-none-eabi/lib/thumb/v7e-m+fp/hard\libc_nano.a(libc_a-memcpy-stub.o)
 .ARM.attributes
                0x000004ef       0x22 D:/ProgramasClase/STM/CubeIDE/STM32CubeIDE_1.17.0/STM32CubeIDE/plugins/com.st.stm32cube.ide.mcu.externaltools.gnu-tools-for-stm32.12.3.rel1.win32_1.1.0.202410251130/tools/bin/../lib/gcc/arm-none-eabi/12.3.1/thumb/v7e-m+fp/hard\libgcc.a(_aeabi_uldivmod.o)
 .ARM.attributes
                0x00000511       0x34 D:/ProgramasClase/STM/CubeIDE/STM32CubeIDE_1.17.0/STM32CubeIDE/plugins/com.st.stm32cube.ide.mcu.externaltools.gnu-tools-for-stm32.12.3.rel1.win32_1.1.0.202410251130/tools/bin/../lib/gcc/arm-none-eabi/12.3.1/thumb/v7e-m+fp/hard\libgcc.a(_udivmoddi4.o)
 .ARM.attributes
                0x00000545       0x22 D:/ProgramasClase/STM/CubeIDE/STM32CubeIDE_1.17.0/STM32CubeIDE/plugins/com.st.stm32cube.ide.mcu.externaltools.gnu-tools-for-stm32.12.3.rel1.win32_1.1.0.202410251130/tools/bin/../lib/gcc/arm-none-eabi/12.3.1/thumb/v7e-m+fp/hard\libgcc.a(_dvmd_tls.o)
 .ARM.attributes
                0x00000567       0x22 D:/ProgramasClase/STM/CubeIDE/STM32CubeIDE_1.17.0/STM32CubeIDE/plugins/com.st.stm32cube.ide.mcu.externaltools.gnu-tools-for-stm32.12.3.rel1.win32_1.1.0.202410251130/tools/bin/../lib/gcc/arm-none-eabi/12.3.1/thumb/v7e-m+fp/hard/crtn.o
OUTPUT(freertos.elf elf32-littlearm)
LOAD linker stubs
LOAD D:/ProgramasClase/STM/CubeIDE/STM32CubeIDE_1.17.0/STM32CubeIDE/plugins/com.st.stm32cube.ide.mcu.externaltools.gnu-tools-for-stm32.12.3.rel1.win32_1.1.0.202410251130/tools/bin/../lib/gcc/arm-none-eabi/12.3.1/../../../../arm-none-eabi/lib/thumb/v7e-m+fp/hard\libc.a
LOAD D:/ProgramasClase/STM/CubeIDE/STM32CubeIDE_1.17.0/STM32CubeIDE/plugins/com.st.stm32cube.ide.mcu.externaltools.gnu-tools-for-stm32.12.3.rel1.win32_1.1.0.202410251130/tools/bin/../lib/gcc/arm-none-eabi/12.3.1/../../../../arm-none-eabi/lib/thumb/v7e-m+fp/hard\libm.a
LOAD D:/ProgramasClase/STM/CubeIDE/STM32CubeIDE_1.17.0/STM32CubeIDE/plugins/com.st.stm32cube.ide.mcu.externaltools.gnu-tools-for-stm32.12.3.rel1.win32_1.1.0.202410251130/tools/bin/../lib/gcc/arm-none-eabi/12.3.1/thumb/v7e-m+fp/hard\libgcc.a

.debug_info     0x00000000    0x16ca2
 .debug_info    0x00000000     0x1a8d ./Core/Src/main.o
 .debug_info    0x00001a8d      0xebe ./Core/Src/stm32f4xx_hal_msp.o
 .debug_info    0x0000294b      0x6fa ./Core/Src/stm32f4xx_it.o
 .debug_info    0x00003045      0x53e ./Core/Src/system_stm32f4xx.o
 .debug_info    0x00003583       0x30 ./Core/Startup/startup_stm32f411retx.o
 .debug_info    0x000035b3      0x8c4 ./Drivers/STM32F4xx_HAL_Driver/Src/stm32f4xx_hal.o
 .debug_info    0x00003e77      0xcb6 ./Drivers/STM32F4xx_HAL_Driver/Src/stm32f4xx_hal_cortex.o
 .debug_info    0x00004b2d      0x6f9 ./Drivers/STM32F4xx_HAL_Driver/Src/stm32f4xx_hal_gpio.o
 .debug_info    0x00005226      0x8f2 ./Drivers/STM32F4xx_HAL_Driver/Src/stm32f4xx_hal_rcc.o
 .debug_info    0x00005b18     0x2941 ./Drivers/STM32F4xx_HAL_Driver/Src/stm32f4xx_hal_tim.o
 .debug_info    0x00008459     0x14a7 ./Drivers/STM32F4xx_HAL_Driver/Src/stm32f4xx_hal_tim_ex.o
 .debug_info    0x00009900     0x2fbf ./Drivers/STM32F4xx_HAL_Driver/Src/stm32f4xx_hal_uart.o
 .debug_info    0x0000c8bf     0x39c3 ./Middlewares/Third_Party/FreeRTOS/Source/CMSIS_RTOS_V2/cmsis_os2.o
 .debug_info    0x00010282      0xbd1 ./Middlewares/Third_Party/FreeRTOS/Source/event_groups.o
 .debug_info    0x00010e53      0x2af ./Middlewares/Third_Party/FreeRTOS/Source/list.o
 .debug_info    0x00011102     0x1b79 ./Middlewares/Third_Party/FreeRTOS/Source/queue.o
 .debug_info    0x00012c7b     0x21ec ./Middlewares/Third_Party/FreeRTOS/Source/tasks.o
 .debug_info    0x00014e67     0x1488 ./Middlewares/Third_Party/FreeRTOS/Source/timers.o
 .debug_info    0x000162ef      0x4de ./Middlewares/Third_Party/FreeRTOS/Source/portable/GCC/ARM_CM4F/port.o
 .debug_info    0x000167cd      0x4d5 ./Middlewares/Third_Party/FreeRTOS/Source/portable/MemMang/heap_4.o

.debug_abbrev   0x00000000     0x3260
 .debug_abbrev  0x00000000      0x33a ./Core/Src/main.o
 .debug_abbrev  0x0000033a      0x1de ./Core/Src/stm32f4xx_hal_msp.o
 .debug_abbrev  0x00000518      0x1bc ./Core/Src/stm32f4xx_it.o
 .debug_abbrev  0x000006d4      0x11a ./Core/Src/system_stm32f4xx.o
 .debug_abbrev  0x000007ee       0x24 ./Core/Startup/startup_stm32f411retx.o
 .debug_abbrev  0x00000812      0x24b ./Drivers/STM32F4xx_HAL_Driver/Src/stm32f4xx_hal.o
 .debug_abbrev  0x00000a5d      0x327 ./Drivers/STM32F4xx_HAL_Driver/Src/stm32f4xx_hal_cortex.o
 .debug_abbrev  0x00000d84      0x1d3 ./Drivers/STM32F4xx_HAL_Driver/Src/stm32f4xx_hal_gpio.o
 .debug_abbrev  0x00000f57      0x2b5 ./Drivers/STM32F4xx_HAL_Driver/Src/stm32f4xx_hal_rcc.o
 .debug_abbrev  0x0000120c      0x284 ./Drivers/STM32F4xx_HAL_Driver/Src/stm32f4xx_hal_tim.o
 .debug_abbrev  0x00001490      0x28f ./Drivers/STM32F4xx_HAL_Driver/Src/stm32f4xx_hal_tim_ex.o
 .debug_abbrev  0x0000171f      0x31b ./Drivers/STM32F4xx_HAL_Driver/Src/stm32f4xx_hal_uart.o
 .debug_abbrev  0x00001a3a      0x508 ./Middlewares/Third_Party/FreeRTOS/Source/CMSIS_RTOS_V2/cmsis_os2.o
 .debug_abbrev  0x00001f42      0x322 ./Middlewares/Third_Party/FreeRTOS/Source/event_groups.o
 .debug_abbrev  0x00002264       0xf5 ./Middlewares/Third_Party/FreeRTOS/Source/list.o
 .debug_abbrev  0x00002359      0x3b6 ./Middlewares/Third_Party/FreeRTOS/Source/queue.o
 .debug_abbrev  0x0000270f      0x386 ./Middlewares/Third_Party/FreeRTOS/Source/tasks.o
 .debug_abbrev  0x00002a95      0x352 ./Middlewares/Third_Party/FreeRTOS/Source/timers.o
 .debug_abbrev  0x00002de7      0x25c ./Middlewares/Third_Party/FreeRTOS/Source/portable/GCC/ARM_CM4F/port.o
 .debug_abbrev  0x00003043      0x21d ./Middlewares/Third_Party/FreeRTOS/Source/portable/MemMang/heap_4.o

.debug_aranges  0x00000000     0x1450
 .debug_aranges
                0x00000000       0xa0 ./Core/Src/main.o
 .debug_aranges
                0x000000a0       0x40 ./Core/Src/stm32f4xx_hal_msp.o
 .debug_aranges
                0x000000e0       0x60 ./Core/Src/stm32f4xx_it.o
 .debug_aranges
                0x00000140       0x28 ./Core/Src/system_stm32f4xx.o
 .debug_aranges
                0x00000168       0x28 ./Core/Startup/startup_stm32f411retx.o
 .debug_aranges
                0x00000190       0xf0 ./Drivers/STM32F4xx_HAL_Driver/Src/stm32f4xx_hal.o
 .debug_aranges
                0x00000280      0x118 ./Drivers/STM32F4xx_HAL_Driver/Src/stm32f4xx_hal_cortex.o
 .debug_aranges
                0x00000398       0x58 ./Drivers/STM32F4xx_HAL_Driver/Src/stm32f4xx_hal_gpio.o
 .debug_aranges
                0x000003f0       0x88 ./Drivers/STM32F4xx_HAL_Driver/Src/stm32f4xx_hal_rcc.o
 .debug_aranges
                0x00000478      0x3d0 ./Drivers/STM32F4xx_HAL_Driver/Src/stm32f4xx_hal_tim.o
 .debug_aranges
                0x00000848      0x168 ./Drivers/STM32F4xx_HAL_Driver/Src/stm32f4xx_hal_tim_ex.o
 .debug_aranges
                0x000009b0      0x200 ./Drivers/STM32F4xx_HAL_Driver/Src/stm32f4xx_hal_uart.o
 .debug_aranges
                0x00000bb0      0x2a8 ./Middlewares/Third_Party/FreeRTOS/Source/CMSIS_RTOS_V2/cmsis_os2.o
 .debug_aranges
                0x00000e58       0x90 ./Middlewares/Third_Party/FreeRTOS/Source/event_groups.o
 .debug_aranges
                0x00000ee8       0x40 ./Middlewares/Third_Party/FreeRTOS/Source/list.o
 .debug_aranges
                0x00000f28      0x158 ./Middlewares/Third_Party/FreeRTOS/Source/queue.o
 .debug_aranges
                0x00001080      0x208 ./Middlewares/Third_Party/FreeRTOS/Source/tasks.o
 .debug_aranges
                0x00001288       0xf0 ./Middlewares/Third_Party/FreeRTOS/Source/timers.o
 .debug_aranges
                0x00001378       0x80 ./Middlewares/Third_Party/FreeRTOS/Source/portable/GCC/ARM_CM4F/port.o
 .debug_aranges
                0x000013f8       0x58 ./Middlewares/Third_Party/FreeRTOS/Source/portable/MemMang/heap_4.o

.debug_rnglists
                0x00000000      0xfd7
 .debug_rnglists
                0x00000000       0x7b ./Core/Src/main.o
 .debug_rnglists
                0x0000007b       0x2d ./Core/Src/stm32f4xx_hal_msp.o
 .debug_rnglists
                0x000000a8       0x43 ./Core/Src/stm32f4xx_it.o
 .debug_rnglists
                0x000000eb       0x1a ./Core/Src/system_stm32f4xx.o
 .debug_rnglists
                0x00000105       0x19 ./Core/Startup/startup_stm32f411retx.o
 .debug_rnglists
                0x0000011e       0xaf ./Drivers/STM32F4xx_HAL_Driver/Src/stm32f4xx_hal.o
 .debug_rnglists
                0x000001cd       0xce ./Drivers/STM32F4xx_HAL_Driver/Src/stm32f4xx_hal_cortex.o
 .debug_rnglists
                0x0000029b       0x3f ./Drivers/STM32F4xx_HAL_Driver/Src/stm32f4xx_hal_gpio.o
 .debug_rnglists
                0x000002da       0x66 ./Drivers/STM32F4xx_HAL_Driver/Src/stm32f4xx_hal_rcc.o
 .debug_rnglists
                0x00000340      0x31a ./Drivers/STM32F4xx_HAL_Driver/Src/stm32f4xx_hal_tim.o
 .debug_rnglists
                0x0000065a      0x125 ./Drivers/STM32F4xx_HAL_Driver/Src/stm32f4xx_hal_tim_ex.o
 .debug_rnglists
                0x0000077f      0x1b7 ./Drivers/STM32F4xx_HAL_Driver/Src/stm32f4xx_hal_uart.o
 .debug_rnglists
                0x00000936      0x20c ./Middlewares/Third_Party/FreeRTOS/Source/CMSIS_RTOS_V2/cmsis_os2.o
 .debug_rnglists
                0x00000b42       0x6a ./Middlewares/Third_Party/FreeRTOS/Source/event_groups.o
 .debug_rnglists
                0x00000bac       0x2b ./Middlewares/Third_Party/FreeRTOS/Source/list.o
 .debug_rnglists
                0x00000bd7      0x109 ./Middlewares/Third_Party/FreeRTOS/Source/queue.o
 .debug_rnglists
                0x00000ce0      0x1a0 ./Middlewares/Third_Party/FreeRTOS/Source/tasks.o
 .debug_rnglists
                0x00000e80       0xb8 ./Middlewares/Third_Party/FreeRTOS/Source/timers.o
 .debug_rnglists
                0x00000f38       0x5d ./Middlewares/Third_Party/FreeRTOS/Source/portable/GCC/ARM_CM4F/port.o
 .debug_rnglists
                0x00000f95       0x42 ./Middlewares/Third_Party/FreeRTOS/Source/portable/MemMang/heap_4.o

.debug_macro    0x00000000     0x3a41
 .debug_macro   0x00000000      0x391 ./Core/Src/main.o
 .debug_macro   0x00000391      0x169 ./Core/Src/main.o
 .debug_macro   0x000004fa       0x66 ./Core/Src/main.o
 .debug_macro   0x00000560       0x74 ./Core/Src/main.o
 .debug_macro   0x000005d4       0xdd ./Core/Src/main.o
 .debug_macro   0x000006b1       0x61 ./Core/Src/main.o
 .debug_macro   0x00000712       0x2a ./Core/Src/main.o
 .debug_macro   0x0000073c       0x43 ./Core/Src/main.o
 .debug_macro   0x0000077f       0x34 ./Core/Src/main.o
 .debug_macro   0x000007b3       0x16 ./Core/Src/main.o
 .debug_macro   0x000007c9       0x35 ./Core/Src/main.o
 .debug_macro   0x000007fe      0x369 ./Core/Src/main.o
 .debug_macro   0x00000b67       0x10 ./Core/Src/main.o
 .debug_macro   0x00000b77       0x16 ./Core/Src/main.o
 .debug_macro   0x00000b8d       0x43 ./Core/Src/main.o
 .debug_macro   0x00000bd0       0x34 ./Core/Src/main.o
 .debug_macro   0x00000c04       0x10 ./Core/Src/main.o
 .debug_macro   0x00000c14       0x58 ./Core/Src/main.o
 .debug_macro   0x00000c6c       0x8e ./Core/Src/main.o
 .debug_macro   0x00000cfa       0x1c ./Core/Src/main.o
 .debug_macro   0x00000d16      0x177 ./Core/Src/main.o
 .debug_macro   0x00000e8d       0x16 ./Core/Src/main.o
 .debug_macro   0x00000ea3       0x16 ./Core/Src/main.o
 .debug_macro   0x00000eb9      0x146 ./Core/Src/main.o
 .debug_macro   0x00000fff       0x16 ./Core/Src/main.o
 .debug_macro   0x00001015       0x20 ./Core/Src/main.o
 .debug_macro   0x00001035      0x1dd ./Core/Src/stm32f4xx_hal_msp.o
 .debug_macro   0x00001212      0x24f ./Core/Src/stm32f4xx_it.o
 .debug_macro   0x00001461      0x1ce ./Core/Src/system_stm32f4xx.o
 .debug_macro   0x0000162f      0x22e ./Drivers/STM32F4xx_HAL_Driver/Src/stm32f4xx_hal.o
 .debug_macro   0x0000185d      0x1ce ./Drivers/STM32F4xx_HAL_Driver/Src/stm32f4xx_hal_cortex.o
 .debug_macro   0x00001a2b      0x1d4 ./Drivers/STM32F4xx_HAL_Driver/Src/stm32f4xx_hal_gpio.o
 .debug_macro   0x00001bff      0x1f2 ./Drivers/STM32F4xx_HAL_Driver/Src/stm32f4xx_hal_rcc.o
 .debug_macro   0x00001df1      0x1cf ./Drivers/STM32F4xx_HAL_Driver/Src/stm32f4xx_hal_tim.o
 .debug_macro   0x00001fc0      0x1ce ./Drivers/STM32F4xx_HAL_Driver/Src/stm32f4xx_hal_tim_ex.o
 .debug_macro   0x0000218e      0x1cf ./Drivers/STM32F4xx_HAL_Driver/Src/stm32f4xx_hal_uart.o
 .debug_macro   0x0000235d      0x3c5 ./Middlewares/Third_Party/FreeRTOS/Source/CMSIS_RTOS_V2/cmsis_os2.o
 .debug_macro   0x00002722       0x10 ./Middlewares/Third_Party/FreeRTOS/Source/CMSIS_RTOS_V2/cmsis_os2.o
 .debug_macro   0x00002732       0x10 ./Middlewares/Third_Party/FreeRTOS/Source/CMSIS_RTOS_V2/cmsis_os2.o
 .debug_macro   0x00002742       0xd3 ./Middlewares/Third_Party/FreeRTOS/Source/CMSIS_RTOS_V2/cmsis_os2.o
 .debug_macro   0x00002815       0x91 ./Middlewares/Third_Party/FreeRTOS/Source/CMSIS_RTOS_V2/cmsis_os2.o
 .debug_macro   0x000028a6       0x8d ./Middlewares/Third_Party/FreeRTOS/Source/CMSIS_RTOS_V2/cmsis_os2.o
 .debug_macro   0x00002933       0x9a ./Middlewares/Third_Party/FreeRTOS/Source/CMSIS_RTOS_V2/cmsis_os2.o
 .debug_macro   0x000029cd       0x22 ./Middlewares/Third_Party/FreeRTOS/Source/CMSIS_RTOS_V2/cmsis_os2.o
 .debug_macro   0x000029ef       0x56 ./Middlewares/Third_Party/FreeRTOS/Source/CMSIS_RTOS_V2/cmsis_os2.o
 .debug_macro   0x00002a45      0x1e2 ./Middlewares/Third_Party/FreeRTOS/Source/event_groups.o
 .debug_macro   0x00002c27      0x11c ./Middlewares/Third_Party/FreeRTOS/Source/event_groups.o
 .debug_macro   0x00002d43       0x94 ./Middlewares/Third_Party/FreeRTOS/Source/event_groups.o
 .debug_macro   0x00002dd7      0x187 ./Middlewares/Third_Party/FreeRTOS/Source/list.o
 .debug_macro   0x00002f5e      0x216 ./Middlewares/Third_Party/FreeRTOS/Source/queue.o
 .debug_macro   0x00003174       0x87 ./Middlewares/Third_Party/FreeRTOS/Source/queue.o
 .debug_macro   0x000031fb      0x27f ./Middlewares/Third_Party/FreeRTOS/Source/tasks.o
 .debug_macro   0x0000347a       0x10 ./Middlewares/Third_Party/FreeRTOS/Source/tasks.o
 .debug_macro   0x0000348a      0x1dc ./Middlewares/Third_Party/FreeRTOS/Source/timers.o
 .debug_macro   0x00003666       0x97 ./Middlewares/Third_Party/FreeRTOS/Source/timers.o
 .debug_macro   0x000036fd      0x196 ./Middlewares/Third_Party/FreeRTOS/Source/portable/GCC/ARM_CM4F/port.o
 .debug_macro   0x00003893      0x1ae ./Middlewares/Third_Party/FreeRTOS/Source/portable/MemMang/heap_4.o

.debug_line     0x00000000    0x15aa7
 .debug_line    0x00000000      0xe06 ./Core/Src/main.o
 .debug_line    0x00000e06      0x7c2 ./Core/Src/stm32f4xx_hal_msp.o
 .debug_line    0x000015c8      0x8ef ./Core/Src/stm32f4xx_it.o
 .debug_line    0x00001eb7      0x79b ./Core/Src/system_stm32f4xx.o
 .debug_line    0x00002652       0x7a ./Core/Startup/startup_stm32f411retx.o
 .debug_line    0x000026cc      0xa04 ./Drivers/STM32F4xx_HAL_Driver/Src/stm32f4xx_hal.o
 .debug_line    0x000030d0      0xcb1 ./Drivers/STM32F4xx_HAL_Driver/Src/stm32f4xx_hal_cortex.o
 .debug_line    0x00003d81      0xb54 ./Drivers/STM32F4xx_HAL_Driver/Src/stm32f4xx_hal_gpio.o
 .debug_line    0x000048d5      0xd77 ./Drivers/STM32F4xx_HAL_Driver/Src/stm32f4xx_hal_rcc.o
 .debug_line    0x0000564c     0x34e2 ./Drivers/STM32F4xx_HAL_Driver/Src/stm32f4xx_hal_tim.o
 .debug_line    0x00008b2e     0x1996 ./Drivers/STM32F4xx_HAL_Driver/Src/stm32f4xx_hal_tim_ex.o
 .debug_line    0x0000a4c4     0x2abb ./Drivers/STM32F4xx_HAL_Driver/Src/stm32f4xx_hal_uart.o
 .debug_line    0x0000cf7f     0x235b ./Middlewares/Third_Party/FreeRTOS/Source/CMSIS_RTOS_V2/cmsis_os2.o
 .debug_line    0x0000f2da      0xb6f ./Middlewares/Third_Party/FreeRTOS/Source/event_groups.o
 .debug_line    0x0000fe49      0x774 ./Middlewares/Third_Party/FreeRTOS/Source/list.o
 .debug_line    0x000105bd     0x173e ./Middlewares/Third_Party/FreeRTOS/Source/queue.o
 .debug_line    0x00011cfb     0x1e10 ./Middlewares/Third_Party/FreeRTOS/Source/tasks.o
 .debug_line    0x00013b0b      0xdfc ./Middlewares/Third_Party/FreeRTOS/Source/timers.o
 .debug_line    0x00014907      0x801 ./Middlewares/Third_Party/FreeRTOS/Source/portable/GCC/ARM_CM4F/port.o
 .debug_line    0x00015108      0x99f ./Middlewares/Third_Party/FreeRTOS/Source/portable/MemMang/heap_4.o

.debug_str      0x00000000    0x98627
 .debug_str     0x00000000    0x8fe34 ./Core/Src/main.o
                              0x901f9 (size before relaxing)
 .debug_str     0x0008fe34      0x468 ./Core/Src/stm32f4xx_hal_msp.o
                              0x878ba (size before relaxing)
 .debug_str     0x0009029c      0x115 ./Core/Src/stm32f4xx_it.o
                              0x8afa6 (size before relaxing)
 .debug_str     0x000903b1       0xdb ./Core/Src/system_stm32f4xx.o
                              0x86bc0 (size before relaxing)
 .debug_str     0x0009048c       0x44 ./Core/Startup/startup_stm32f411retx.o
                                 0x80 (size before relaxing)
 .debug_str     0x000904d0      0x617 ./Drivers/STM32F4xx_HAL_Driver/Src/stm32f4xx_hal.o
                              0x875ec (size before relaxing)
 .debug_str     0x00090ae7      0x31d ./Drivers/STM32F4xx_HAL_Driver/Src/stm32f4xx_hal_cortex.o
                              0x8730d (size before relaxing)
 .debug_str     0x00090e04       0xfd ./Drivers/STM32F4xx_HAL_Driver/Src/stm32f4xx_hal_gpio.o
                              0x86d3b (size before relaxing)
 .debug_str     0x00090f01      0x21e ./Drivers/STM32F4xx_HAL_Driver/Src/stm32f4xx_hal_rcc.o
                              0x86ff4 (size before relaxing)
 .debug_str     0x0009111f      0xdbb ./Drivers/STM32F4xx_HAL_Driver/Src/stm32f4xx_hal_tim.o
                              0x87f28 (size before relaxing)
 .debug_str     0x00091eda      0x493 ./Drivers/STM32F4xx_HAL_Driver/Src/stm32f4xx_hal_tim_ex.o
                              0x87744 (size before relaxing)
 .debug_str     0x0009236d      0x5de ./Drivers/STM32F4xx_HAL_Driver/Src/stm32f4xx_hal_uart.o
                              0x87581 (size before relaxing)
 .debug_str     0x0009294b     0x2eed ./Middlewares/Third_Party/FreeRTOS/Source/CMSIS_RTOS_V2/cmsis_os2.o
                              0x9165d (size before relaxing)
 .debug_str     0x00095838      0x548 ./Middlewares/Third_Party/FreeRTOS/Source/event_groups.o
                               0xbf80 (size before relaxing)
 .debug_str     0x00095d80       0xaf ./Middlewares/Third_Party/FreeRTOS/Source/list.o
                               0xaae7 (size before relaxing)
 .debug_str     0x00095e2f      0x7e7 ./Middlewares/Third_Party/FreeRTOS/Source/queue.o
                               0xc627 (size before relaxing)
 .debug_str     0x00096616      0xfea ./Middlewares/Third_Party/FreeRTOS/Source/tasks.o
                               0xd0e4 (size before relaxing)
 .debug_str     0x00097600      0x580 ./Middlewares/Third_Party/FreeRTOS/Source/timers.o
                               0xcb59 (size before relaxing)
 .debug_str     0x00097b80      0x783 ./Middlewares/Third_Party/FreeRTOS/Source/portable/GCC/ARM_CM4F/port.o
                               0x8730 (size before relaxing)
 .debug_str     0x00098303      0x324 ./Middlewares/Third_Party/FreeRTOS/Source/portable/MemMang/heap_4.o
                               0xb429 (size before relaxing)

.comment        0x00000000       0x43
 .comment       0x00000000       0x43 ./Core/Src/main.o
                                 0x44 (size before relaxing)
 .comment       0x00000043       0x44 ./Core/Src/stm32f4xx_hal_msp.o
 .comment       0x00000043       0x44 ./Core/Src/stm32f4xx_it.o
 .comment       0x00000043       0x44 ./Core/Src/system_stm32f4xx.o
 .comment       0x00000043       0x44 ./Drivers/STM32F4xx_HAL_Driver/Src/stm32f4xx_hal.o
 .comment       0x00000043       0x44 ./Drivers/STM32F4xx_HAL_Driver/Src/stm32f4xx_hal_cortex.o
 .comment       0x00000043       0x44 ./Drivers/STM32F4xx_HAL_Driver/Src/stm32f4xx_hal_gpio.o
 .comment       0x00000043       0x44 ./Drivers/STM32F4xx_HAL_Driver/Src/stm32f4xx_hal_rcc.o
 .comment       0x00000043       0x44 ./Drivers/STM32F4xx_HAL_Driver/Src/stm32f4xx_hal_tim.o
 .comment       0x00000043       0x44 ./Drivers/STM32F4xx_HAL_Driver/Src/stm32f4xx_hal_tim_ex.o
 .comment       0x00000043       0x44 ./Drivers/STM32F4xx_HAL_Driver/Src/stm32f4xx_hal_uart.o
 .comment       0x00000043       0x44 ./Middlewares/Third_Party/FreeRTOS/Source/CMSIS_RTOS_V2/cmsis_os2.o
 .comment       0x00000043       0x44 ./Middlewares/Third_Party/FreeRTOS/Source/event_groups.o
 .comment       0x00000043       0x44 ./Middlewares/Third_Party/FreeRTOS/Source/list.o
 .comment       0x00000043       0x44 ./Middlewares/Third_Party/FreeRTOS/Source/queue.o
 .comment       0x00000043       0x44 ./Middlewares/Third_Party/FreeRTOS/Source/tasks.o
 .comment       0x00000043       0x44 ./Middlewares/Third_Party/FreeRTOS/Source/timers.o
 .comment       0x00000043       0x44 ./Middlewares/Third_Party/FreeRTOS/Source/portable/GCC/ARM_CM4F/port.o
 .comment       0x00000043       0x44 ./Middlewares/Third_Party/FreeRTOS/Source/portable/MemMang/heap_4.o

.debug_frame    0x00000000     0x562c
 .debug_frame   0x00000000      0x248 ./Core/Src/main.o
 .debug_frame   0x00000248       0xc4 ./Core/Src/stm32f4xx_hal_msp.o
 .debug_frame   0x0000030c       0xfc ./Core/Src/stm32f4xx_it.o
 .debug_frame   0x00000408       0x58 ./Core/Src/system_stm32f4xx.o
 .debug_frame   0x00000460      0x374 ./Drivers/STM32F4xx_HAL_Driver/Src/stm32f4xx_hal.o
 .debug_frame   0x000007d4      0x498 ./Drivers/STM32F4xx_HAL_Driver/Src/stm32f4xx_hal_cortex.o
 .debug_frame   0x00000c6c      0x14c ./Drivers/STM32F4xx_HAL_Driver/Src/stm32f4xx_hal_gpio.o
 .debug_frame   0x00000db8      0x1f4 ./Drivers/STM32F4xx_HAL_Driver/Src/stm32f4xx_hal_rcc.o
 .debug_frame   0x00000fac     0x11bc ./Drivers/STM32F4xx_HAL_Driver/Src/stm32f4xx_hal_tim.o
 .debug_frame   0x00002168      0x638 ./Drivers/STM32F4xx_HAL_Driver/Src/stm32f4xx_hal_tim_ex.o
 .debug_frame   0x000027a0      0x92c ./Drivers/STM32F4xx_HAL_Driver/Src/stm32f4xx_hal_uart.o
 .debug_frame   0x000030cc      0xbc8 ./Middlewares/Third_Party/FreeRTOS/Source/CMSIS_RTOS_V2/cmsis_os2.o
 .debug_frame   0x00003c94      0x23c ./Middlewares/Third_Party/FreeRTOS/Source/event_groups.o
 .debug_frame   0x00003ed0       0xd8 ./Middlewares/Third_Party/FreeRTOS/Source/list.o
 .debug_frame   0x00003fa8      0x5ec ./Middlewares/Third_Party/FreeRTOS/Source/queue.o
 .debug_frame   0x00004594      0x8f0 ./Middlewares/Third_Party/FreeRTOS/Source/tasks.o
 .debug_frame   0x00004e84      0x400 ./Middlewares/Third_Party/FreeRTOS/Source/timers.o
 .debug_frame   0x00005284      0x1a8 ./Middlewares/Third_Party/FreeRTOS/Source/portable/GCC/ARM_CM4F/port.o
 .debug_frame   0x0000542c      0x12c ./Middlewares/Third_Party/FreeRTOS/Source/portable/MemMang/heap_4.o
 .debug_frame   0x00005558       0x20 D:/ProgramasClase/STM/CubeIDE/STM32CubeIDE_1.17.0/STM32CubeIDE/plugins/com.st.stm32cube.ide.mcu.externaltools.gnu-tools-for-stm32.12.3.rel1.win32_1.1.0.202410251130/tools/bin/../lib/gcc/arm-none-eabi/12.3.1/../../../../arm-none-eabi/lib/thumb/v7e-m+fp/hard\libc_nano.a(libc_a-memset.o)
 .debug_frame   0x00005578       0x2c D:/ProgramasClase/STM/CubeIDE/STM32CubeIDE_1.17.0/STM32CubeIDE/plugins/com.st.stm32cube.ide.mcu.externaltools.gnu-tools-for-stm32.12.3.rel1.win32_1.1.0.202410251130/tools/bin/../lib/gcc/arm-none-eabi/12.3.1/../../../../arm-none-eabi/lib/thumb/v7e-m+fp/hard\libc_nano.a(libc_a-init.o)
 .debug_frame   0x000055a4       0x28 D:/ProgramasClase/STM/CubeIDE/STM32CubeIDE_1.17.0/STM32CubeIDE/plugins/com.st.stm32cube.ide.mcu.externaltools.gnu-tools-for-stm32.12.3.rel1.win32_1.1.0.202410251130/tools/bin/../lib/gcc/arm-none-eabi/12.3.1/../../../../arm-none-eabi/lib/thumb/v7e-m+fp/hard\libc_nano.a(libc_a-memcpy-stub.o)
 .debug_frame   0x000055cc       0x2c D:/ProgramasClase/STM/CubeIDE/STM32CubeIDE_1.17.0/STM32CubeIDE/plugins/com.st.stm32cube.ide.mcu.externaltools.gnu-tools-for-stm32.12.3.rel1.win32_1.1.0.202410251130/tools/bin/../lib/gcc/arm-none-eabi/12.3.1/thumb/v7e-m+fp/hard\libgcc.a(_aeabi_uldivmod.o)
 .debug_frame   0x000055f8       0x34 D:/ProgramasClase/STM/CubeIDE/STM32CubeIDE_1.17.0/STM32CubeIDE/plugins/com.st.stm32cube.ide.mcu.externaltools.gnu-tools-for-stm32.12.3.rel1.win32_1.1.0.202410251130/tools/bin/../lib/gcc/arm-none-eabi/12.3.1/thumb/v7e-m+fp/hard\libgcc.a(_udivmoddi4.o)

.debug_line_str
                0x00000000       0x64
 .debug_line_str
                0x00000000       0x64 ./Core/Startup/startup_stm32f411retx.o
