../Core/Src/main.c:144:5:main	8	static
../Core/Src/main.c:257:6:SystemClock_Config	88	static
../Core/Src/main.c:304:13:MX_TIM1_Init	32	static
../Core/Src/main.c:350:13:MX_TIM3_Init	32	static
../Core/Src/main.c:395:13:MX_USART2_UART_Init	8	static
../Core/Src/main.c:428:13:MX_GPIO_Init	48	static
../Core/Src/main.c:494:10:TiempoaFrecuencia	24	static
../Core/Src/main.c:506:6:delay_us	16	static
../Core/Src/main.c:517:6:HAL_TIM_PeriodElapsedCallback	16	static
../Core/Src/main.c:528:6:HAL_UART_RxCpltCallback	24	static
../Core/Src/main.c:556:6:UARTCommand	56	static
../Core/Src/main.c:602:6:StartDefaultTask	16	static
../Core/Src/main.c:620:6:LecturaPines	24	static
../Core/Src/main.c:654:6:Ultrasound	16	static
../Core/Src/main.c:681:6:BuzzerA	40	static
../Core/Src/main.c:721:6:Recibir_UART	16	static
../Core/Src/main.c:737:6:Error_Handler	4	static,ignoring_inline_asm
